Archive member included to satisfy reference by file (symbol)

C:/ST/STM32CubeIDE_1.19.0/STM32CubeIDE/plugins/com.st.stm32cube.ide.mcu.externaltools.gnu-tools-for-stm32.13.3.rel1.win32_1.0.0.202411081344/tools/bin/../lib/gcc/arm-none-eabi/13.3.1/../../../../arm-none-eabi/lib/thumb/v7e-m+fp/hard\libc_nano.a(libc_a-atoi.o)
                              ./Core/Src/command.o (atoi)
C:/ST/STM32CubeIDE_1.19.0/STM32CubeIDE/plugins/com.st.stm32cube.ide.mcu.externaltools.gnu-tools-for-stm32.13.3.rel1.win32_1.0.0.202411081344/tools/bin/../lib/gcc/arm-none-eabi/13.3.1/../../../../arm-none-eabi/lib/thumb/v7e-m+fp/hard\libc_nano.a(libc_a-exit.o)
                              C:/ST/STM32CubeIDE_1.19.0/STM32CubeIDE/plugins/com.st.stm32cube.ide.mcu.externaltools.gnu-tools-for-stm32.13.3.rel1.win32_1.0.0.202411081344/tools/bin/../lib/gcc/arm-none-eabi/13.3.1/../../../../arm-none-eabi/lib/thumb/v7e-m+fp/hard/crt0.o (exit)
C:/ST/STM32CubeIDE_1.19.0/STM32CubeIDE/plugins/com.st.stm32cube.ide.mcu.externaltools.gnu-tools-for-stm32.13.3.rel1.win32_1.0.0.202411081344/tools/bin/../lib/gcc/arm-none-eabi/13.3.1/../../../../arm-none-eabi/lib/thumb/v7e-m+fp/hard\libc_nano.a(libc_a-strtol.o)
                              C:/ST/STM32CubeIDE_1.19.0/STM32CubeIDE/plugins/com.st.stm32cube.ide.mcu.externaltools.gnu-tools-for-stm32.13.3.rel1.win32_1.0.0.202411081344/tools/bin/../lib/gcc/arm-none-eabi/13.3.1/../../../../arm-none-eabi/lib/thumb/v7e-m+fp/hard\libc_nano.a(libc_a-atoi.o) (_strtol_r)
C:/ST/STM32CubeIDE_1.19.0/STM32CubeIDE/plugins/com.st.stm32cube.ide.mcu.externaltools.gnu-tools-for-stm32.13.3.rel1.win32_1.0.0.202411081344/tools/bin/../lib/gcc/arm-none-eabi/13.3.1/../../../../arm-none-eabi/lib/thumb/v7e-m+fp/hard\libc_nano.a(libc_a-ctype_.o)
                              C:/ST/STM32CubeIDE_1.19.0/STM32CubeIDE/plugins/com.st.stm32cube.ide.mcu.externaltools.gnu-tools-for-stm32.13.3.rel1.win32_1.0.0.202411081344/tools/bin/../lib/gcc/arm-none-eabi/13.3.1/../../../../arm-none-eabi/lib/thumb/v7e-m+fp/hard\libc_nano.a(libc_a-strtol.o) (_ctype_)
C:/ST/STM32CubeIDE_1.19.0/STM32CubeIDE/plugins/com.st.stm32cube.ide.mcu.externaltools.gnu-tools-for-stm32.13.3.rel1.win32_1.0.0.202411081344/tools/bin/../lib/gcc/arm-none-eabi/13.3.1/../../../../arm-none-eabi/lib/thumb/v7e-m+fp/hard\libc_nano.a(libc_a-findfp.o)
                              C:/ST/STM32CubeIDE_1.19.0/STM32CubeIDE/plugins/com.st.stm32cube.ide.mcu.externaltools.gnu-tools-for-stm32.13.3.rel1.win32_1.0.0.202411081344/tools/bin/../lib/gcc/arm-none-eabi/13.3.1/../../../../arm-none-eabi/lib/thumb/v7e-m+fp/hard\libc_nano.a(libc_a-exit.o) (__stdio_exit_handler)
C:/ST/STM32CubeIDE_1.19.0/STM32CubeIDE/plugins/com.st.stm32cube.ide.mcu.externaltools.gnu-tools-for-stm32.13.3.rel1.win32_1.0.0.202411081344/tools/bin/../lib/gcc/arm-none-eabi/13.3.1/../../../../arm-none-eabi/lib/thumb/v7e-m+fp/hard\libc_nano.a(libc_a-fwalk.o)
                              C:/ST/STM32CubeIDE_1.19.0/STM32CubeIDE/plugins/com.st.stm32cube.ide.mcu.externaltools.gnu-tools-for-stm32.13.3.rel1.win32_1.0.0.202411081344/tools/bin/../lib/gcc/arm-none-eabi/13.3.1/../../../../arm-none-eabi/lib/thumb/v7e-m+fp/hard\libc_nano.a(libc_a-findfp.o) (_fwalk_sglue)
C:/ST/STM32CubeIDE_1.19.0/STM32CubeIDE/plugins/com.st.stm32cube.ide.mcu.externaltools.gnu-tools-for-stm32.13.3.rel1.win32_1.0.0.202411081344/tools/bin/../lib/gcc/arm-none-eabi/13.3.1/../../../../arm-none-eabi/lib/thumb/v7e-m+fp/hard\libc_nano.a(libc_a-getc.o)
                              ./Core/Src/command.o (getc)
C:/ST/STM32CubeIDE_1.19.0/STM32CubeIDE/plugins/com.st.stm32cube.ide.mcu.externaltools.gnu-tools-for-stm32.13.3.rel1.win32_1.0.0.202411081344/tools/bin/../lib/gcc/arm-none-eabi/13.3.1/../../../../arm-none-eabi/lib/thumb/v7e-m+fp/hard\libc_nano.a(libc_a-printf.o)
                              ./Core/Src/command.o (printf)
C:/ST/STM32CubeIDE_1.19.0/STM32CubeIDE/plugins/com.st.stm32cube.ide.mcu.externaltools.gnu-tools-for-stm32.13.3.rel1.win32_1.0.0.202411081344/tools/bin/../lib/gcc/arm-none-eabi/13.3.1/../../../../arm-none-eabi/lib/thumb/v7e-m+fp/hard\libc_nano.a(libc_a-putchar.o)
                              ./Core/Src/command.o (putchar)
C:/ST/STM32CubeIDE_1.19.0/STM32CubeIDE/plugins/com.st.stm32cube.ide.mcu.externaltools.gnu-tools-for-stm32.13.3.rel1.win32_1.0.0.202411081344/tools/bin/../lib/gcc/arm-none-eabi/13.3.1/../../../../arm-none-eabi/lib/thumb/v7e-m+fp/hard\libc_nano.a(libc_a-puts.o)
                              ./Core/Src/command.o (puts)
C:/ST/STM32CubeIDE_1.19.0/STM32CubeIDE/plugins/com.st.stm32cube.ide.mcu.externaltools.gnu-tools-for-stm32.13.3.rel1.win32_1.0.0.202411081344/tools/bin/../lib/gcc/arm-none-eabi/13.3.1/../../../../arm-none-eabi/lib/thumb/v7e-m+fp/hard\libc_nano.a(libc_a-rget.o)
[...]
Memory Configuration

Name             Origin             Length             Attributes
RAM              0x20000000         0x00020000         xrw
FLASH            0x08000000         0x00080000         xr
*default*        0x00000000         0xffffffff

Linker script and memory map

LOAD C:/ST/STM32CubeIDE_1.19.0/STM32CubeIDE/plugins/com.st.stm32cube.ide.mcu.externaltools.gnu-tools-for-stm32.13.3.rel1.win32_1.0.0.202411081344/tools/bin/../lib/gcc/arm-none-eabi/13.3.1/thumb/v7e-m+fp/hard/crti.o
LOAD C:/ST/STM32CubeIDE_1.19.0/STM32CubeIDE/plugins/com.st.stm32cube.ide.mcu.externaltools.gnu-tools-for-stm32.13.3.rel1.win32_1.0.0.202411081344/tools/bin/../lib/gcc/arm-none-eabi/13.3.1/thumb/v7e-m+fp/hard/crtbegin.o
LOAD C:/ST/STM32CubeIDE_1.19.0/STM32CubeIDE/plugins/com.st.stm32cube.ide.mcu.externaltools.gnu-tools-for-stm32.13.3.rel1.win32_1.0.0.202411081344/tools/bin/../lib/gcc/arm-none-eabi/13.3.1/../../../../arm-none-eabi/lib/thumb/v7e-m+fp/hard/crt0.o
LOAD ./Core/Src/EEPROM.c.o
LOAD ./Core/Src/LCD_Fill_shapes.o
LOAD ./Core/Src/LCD_Game_Display.o
LOAD ./Core/Src/LCD_Image_Display.o
LOAD ./Core/Src/LCD_Pixel_Draw.o
LOAD ./Core/Src/LCD_ST7789_Init.o
LOAD ./Core/Src/LCD_Test_Func.o
LOAD ./Core/Src/LCD_Text_Display.o
LOAD ./Core/Src/LCD_write.o
LOAD ./Core/Src/Onboard_LED_Init.o
LOAD ./Core/Src/SPI_Init.o
LOAD ./Core/Src/button_interrupts.o
LOAD ./Core/Src/command.o
LOAD ./Core/Src/game_definitions.o
LOAD ./Core/Src/game_logic.o
LOAD ./Core/Src/i2c.o
LOAD ./Core/Src/main.o
LOAD ./Core/Src/stm32f4xx_hal_msp.o
LOAD ./Core/Src/stm32f4xx_it.o
LOAD ./Core/Src/sys_timer_delay.o
LOAD ./Core/Src/syscalls.o
LOAD ./Core/Src/sysmem.o
LOAD ./Core/Src/system_stm32f4xx.o
LOAD ./Core/Src/uart.o
LOAD ./Core/Startup/startup_stm32f411vetx.o
LOAD ./Drivers/STM32F4xx_HAL_Driver/Src/stm32f4xx_hal.o
LOAD ./Drivers/STM32F4xx_HAL_Driver/Src/stm32f4xx_hal_cortex.o
LOAD ./Drivers/STM32F4xx_HAL_Driver/Src/stm32f4xx_hal_dma.o
LOAD ./Drivers/STM32F4xx_HAL_Driver/Src/stm32f4xx_hal_dma_ex.o
LOAD ./Drivers/STM32F4xx_HAL_Driver/Src/stm32f4xx_hal_exti.o
LOAD ./Drivers/STM32F4xx_HAL_Driver/Src/stm32f4xx_hal_flash.o
LOAD ./Drivers/STM32F4xx_HAL_Driver/Src/stm32f4xx_hal_flash_ex.o
LOAD ./Drivers/STM32F4xx_HAL_Driver/Src/stm32f4xx_hal_flash_ramfunc.o
LOAD ./Drivers/STM32F4xx_HAL_Driver/Src/stm32f4xx_hal_gpio.o
LOAD ./Drivers/STM32F4xx_HAL_Driver/Src/stm32f4xx_hal_pwr.o
LOAD ./Drivers/STM32F4xx_HAL_Driver/Src/stm32f4xx_hal_pwr_ex.o
LOAD ./Drivers/STM32F4xx_HAL_Driver/Src/stm32f4xx_hal_rcc.o
LOAD ./Drivers/STM32F4xx_HAL_Driver/Src/stm32f4xx_hal_rcc_ex.o
START GROUP
LOAD C:/ST/STM32CubeIDE_1.19.0/STM32CubeIDE/plugins/com.st.stm32cube.ide.mcu.externaltools.gnu-tools-for-stm32.13.3.rel1.win32_1.0.0.202411081344/tools/bin/../lib/gcc/arm-none-eabi/13.3.1/../../../../arm-none-eabi/lib/thumb/v7e-m+fp/hard\libc_nano.a
LOAD C:/ST/STM32CubeIDE_1.19.0/STM32CubeIDE/plugins/com.st.stm32cube.ide.mcu.externaltools.gnu-tools-for-stm32.13.3.rel1.win32_1.0.0.202411081344/tools/bin/../lib/gcc/arm-none-eabi/13.3.1/../../../../arm-none-eabi/lib/thumb/v7e-m+fp/hard\libm.a
END GROUP
START GROUP
LOAD C:/ST/STM32CubeIDE_1.19.0/STM32CubeIDE/plugins/com.st.stm32cube.ide.mcu.externaltools.gnu-tools-for-stm32.13.3.rel1.win32_1.0.0.202411081344/tools/bin/../lib/gcc/arm-none-eabi/13.3.1/thumb/v7e-m+fp/hard\libgcc.a
LOAD C:/ST/STM32CubeIDE_1.19.0/STM32CubeIDE/plugins/com.st.stm32cube.ide.mcu.externaltools.gnu-tools-for-stm32.13.3.rel1.win32_1.0.0.202411081344/tools/bin/../lib/gcc/arm-none-eabi/13.3.1/../../../../arm-none-eabi/lib/thumb/v7e-m+fp/hard\libc_nano.a
END GROUP
START GROUP
LOAD C:/ST/STM32CubeIDE_1.19.0/STM32CubeIDE/plugins/com.st.stm32cube.ide.mcu.externaltools.gnu-tools-for-stm32.13.3.rel1.win32_1.0.0.202411081344/tools/bin/../lib/gcc/arm-none-eabi/13.3.1/thumb/v7e-m+fp/hard\libgcc.a
LOAD C:/ST/STM32CubeIDE_1.19.0/STM32CubeIDE/plugins/com.st.stm32cube.ide.mcu.externaltools.gnu-tools-for-stm32.13.3.rel1.win32_1.0.0.202411081344/tools/bin/../lib/gcc/arm-none-eabi/13.3.1/../../../../arm-none-eabi/lib/thumb/v7e-m+fp/hard\libc_nano.a
LOAD C:/ST/STM32CubeIDE_1.19.0/STM32CubeIDE/plugins/com.st.stm32cube.ide.mcu.externaltools.gnu-tools-for-stm32.13.3.rel1.win32_1.0.0.202411081344/tools/bin/../lib/gcc/arm-none-eabi/13.3.1/../../../../arm-none-eabi/lib/thumb/v7e-m+fp/hard\libnosys.a
END GROUP
START GROUP
LOAD C:/ST/STM32CubeIDE_1.19.0/STM32CubeIDE/plugins/com.st.stm32cube.ide.mcu.externaltools.gnu-tools-for-stm32.13.3.rel1.win32_1.0.0.202411081344/tools/bin/../lib/gcc/arm-none-eabi/13.3.1/thumb/v7e-m+fp/hard\libgcc.a
LOAD C:/ST/STM32CubeIDE_1.19.0/STM32CubeIDE/plugins/com.st.stm32cube.ide.mcu.externaltools.gnu-tools-for-stm32.13.3.rel1.win32_1.0.0.202411081344/tools/bin/../lib/gcc/arm-none-eabi/13.3.1/../../../../arm-none-eabi/lib/thumb/v7e-m+fp/hard\libc_nano.a
LOAD C:/ST/STM32CubeIDE_1.19.0/STM32CubeIDE/plugins/com.st.stm32cube.ide.mcu.externaltools.gnu-tools-for-stm32.13.3.rel1.win32_1.0.0.202411081344/tools/bin/../lib/gcc/arm-none-eabi/13.3.1/../../../../arm-none-eabi/lib/thumb/v7e-m+fp/hard\libnosys.a
END GROUP
LOAD C:/ST/STM32CubeIDE_1.19.0/STM32CubeIDE/plugins/com.st.stm32cube.ide.mcu.externaltools.gnu-tools-for-stm32.13.3.rel1.win32_1.0.0.202411081344/tools/bin/../lib/gcc/arm-none-eabi/13.3.1/thumb/v7e-m+fp/hard/crtend.o
LOAD C:/ST/STM32CubeIDE_1.19.0/STM32CubeIDE/plugins/com.st.stm32cube.ide.mcu.externaltools.gnu-tools-for-stm32.13.3.rel1.win32_1.0.0.202411081344/tools/bin/../lib/gcc/arm-none-eabi/13.3.1/thumb/v7e-m+fp/hard/crtn.o
                0x20020000                        _estack = (ORIGIN (RAM) + LENGTH (RAM))
                0x00000200                        _Min_Heap_Size = 0x200
                0x00000400                        _Min_Stack_Size = 0x400

.isr_vector     0x08000000      0x198
                0x08000000                        . = ALIGN (0x4)
 *(.isr_vector)
 .isr_vector    0x08000000      0x198 ./Core/Startup/startup_stm32f411vetx.o
                0x08000000                g_pfnVectors
                0x08000198                        . = ALIGN (0x4)

.text           0x080001a0     0xa1d0
                0x080001a0                        . = ALIGN (0x4)
 *(.text)
 .text          0x080001a0       0x40 C:/ST/STM32CubeIDE_1.19.0/STM32CubeIDE/plugins/com.st.stm32cube.ide.mcu.externaltools.gnu-tools-for-stm32.13.3.rel1.win32_1.0.0.202411081344/tools/bin/../lib/gcc/arm-none-eabi/13.3.1/thumb/v7e-m+fp/hard/crtbegin.o
 .text          0x080001e0       0x10 C:/ST/STM32CubeIDE_1.19.0/STM32CubeIDE/plugins/com.st.stm32cube.ide.mcu.externaltools.gnu-tools-for-stm32.13.3.rel1.win32_1.0.0.202411081344/tools/bin/../lib/gcc/arm-none-eabi/13.3.1/../../../../arm-none-eabi/lib/thumb/v7e-m+fp/hard\libc_nano.a(libc_a-strlen.o)
                0x080001e0                strlen
 .text          0x080001f0       0xa0 C:/ST/STM32CubeIDE_1.19.0/STM32CubeIDE/plugins/com.st.stm32cube.ide.mcu.externaltools.gnu-tools-for-stm32.13.3.rel1.win32_1.0.0.202411081344/tools/bin/../lib/gcc/arm-none-eabi/13.3.1/../../../../arm-none-eabi/lib/thumb/v7e-m+fp/hard\libc_nano.a(libc_a-memchr.o)
                0x080001f0                memchr
 .text          0x08000290       0x30 C:/ST/STM32CubeIDE_1.19.0/STM32CubeIDE/plugins/com.st.stm32cube.ide.mcu.externaltools.gnu-tools-for-stm32.13.3.rel1.win32_1.0.0.202411081344/tools/bin/../lib/gcc/arm-none-eabi/13.3.1/thumb/v7e-m+fp/hard\libgcc.a(_aeabi_uldivmod.o)
                0x08000290                __aeabi_uldivmod
 .text          0x080002c0      0x2f8 C:/ST/STM32CubeIDE_1.19.0/STM32CubeIDE/plugins/com.st.stm32cube.ide.mcu.externaltools.gnu-tools-for-stm32.13.3.rel1.win32_1.0.0.202411081344/tools/bin/../lib/gcc/arm-none-eabi/13.3.1/thumb/v7e-m+fp/hard\libgcc.a(_udivmoddi4.o)
                0x080002c0                __udivmoddi4
 .text          0x080005b8        0x4 C:/ST/STM32CubeIDE_1.19.0/STM32CubeIDE/plugins/com.st.stm32cube.ide.mcu.externaltools.gnu-tools-for-stm32.13.3.rel1.win32_1.0.0.202411081344/tools/bin/../lib/gcc/arm-none-eabi/13.3.1/thumb/v7e-m+fp/hard\libgcc.a(_dvmd_tls.o)
                0x080005b8                __aeabi_idiv0
                0x080005b8                __aeabi_ldiv0
 *(.text*)
 .text.EEPROM_ReadByte
                0x080005bc       0xfc ./Core/Src/EEPROM.c.o
                0x080005bc                EEPROM_ReadByte
 .text.EEPROM_WriteByte
                0x080006b8       0xc4 ./Core/Src/EEPROM.c.o
                0x080006b8                EEPROM_WriteByte
 .text.ST7789_Fill
                0x0800077c       0xb0 ./Core/Src/LCD_Fill_shapes.o
                0x0800077c                ST7789_Fill
 .text.ST7789_SetAddressWindow
                0x0800082c       0x98 ./Core/Src/LCD_Fill_shapes.o
                0x0800082c                ST7789_SetAddressWindow
 .text.ST7789_FillRect
                0x080008c4       0xbc ./Core/Src/LCD_Fill_shapes.o
                0x080008c4                ST7789_FillRect
 .text.draw_centered_string
                0x08000980       0x66 ./Core/Src/LCD_Game_Display.o
                0x08000980                draw_centered_string
 *fill*         0x080009e6        0x2 
 .text.combat_mode_lcd
                0x080009e8       0x48 ./Core/Src/LCD_Game_Display.o
                0x080009e8                combat_mode_lcd
 .text.dice_roller_mode_lcd
                0x08000a30       0x48 ./Core/Src/LCD_Game_Display.o
                0x08000a30                dice_roller_mode_lcd
 .text.serial_mode_lcd
                0x08000a78       0x48 ./Core/Src/LCD_Game_Display.o
                0x08000a78                serial_mode_lcd
 .text.ability_check_mode_lcd
                0x08000ac0       0x48 ./Core/Src/LCD_Game_Display.o
                0x08000ac0                ability_check_mode_lcd
 .text.program_start_mode_lcd
                0x08000b08       0x30 ./Core/Src/LCD_Game_Display.o
                0x08000b08                program_start_mode_lcd
 .text.character_menu
                0x08000b38      0x1b0 ./Core/Src/LCD_Game_Display.o
                0x08000b38                character_menu
 .text.action_menu
                0x08000ce8       0x90 ./Core/Src/LCD_Game_Display.o
                0x08000ce8                action_menu
 .text.lcd_weapon_select_prompt_draw
                0x08000d78      0x138 ./Core/Src/LCD_Game_Display.o
                0x08000d78                lcd_weapon_select_prompt_draw
 .text.ability_check_menu
                0x08000eb0       0x90 ./Core/Src/LCD_Game_Display.o
                0x08000eb0                ability_check_menu
 .text.character_check_menu
                0x08000f40       0x90 ./Core/Src/LCD_Game_Display.o
                0x08000f40                character_check_menu
 .text.scroll_character_info
                0x08000fd0      0x13c ./Core/Src/LCD_Game_Display.o
                0x08000fd0                scroll_character_info
 .text.scroll_actions_info
                0x0800110c      0x104 ./Core/Src/LCD_Game_Display.o
                0x0800110c                scroll_actions_info
 .text.scroll_ability_info
                0x08001210       0xf4 ./Core/Src/LCD_Game_Display.o
                0x08001210                scroll_ability_info
 .text.lcd_roll_ability_prompt
                0x08001304      0x114 ./Core/Src/LCD_Game_Display.o
                0x08001304                lcd_roll_ability_prompt
 .text.lcd_remove_from_combat
                0x08001418      0x2a8 ./Core/Src/LCD_Game_Display.o
                0x08001418                lcd_remove_from_combat
 .text.lcd_weapon_select_prompt
                0x080016c0      0x128 ./Core/Src/LCD_Game_Display.o
                0x080016c0                lcd_weapon_select_prompt
 .text.lcd_roll_prompt_draw
                0x080017e8       0x88 ./Core/Src/LCD_Game_Display.o
                0x080017e8                lcd_roll_prompt_draw
 .text.lcd_no_roll_prompt_draw
                0x08001870       0x8c ./Core/Src/LCD_Game_Display.o
                0x08001870                lcd_no_roll_prompt_draw
 .text.lcd_down_check_draw
                0x080018fc       0x8c ./Core/Src/LCD_Game_Display.o
                0x080018fc                lcd_down_check_draw
 .text.lcd_confirm_hit_prompt_draw
                0x08001988       0xbc ./Core/Src/LCD_Game_Display.o
                0x08001988                lcd_confirm_hit_prompt_draw
 .text.lcd_roll_prompt
                0x08001a44      0x180 ./Core/Src/LCD_Game_Display.o
                0x08001a44                lcd_roll_prompt
 .text.lcd_ability_check_end
                0x08001bc4       0x80 ./Core/Src/LCD_Game_Display.o
                0x08001bc4                lcd_ability_check_end
 .text.lcd_combat_end
                0x08001c44       0x94 ./Core/Src/LCD_Game_Display.o
                0x08001c44                lcd_combat_end
 .text.lcd_down_check
                0x08001cd8       0xf8 ./Core/Src/LCD_Game_Display.o
                0x08001cd8                lcd_down_check
 .text.lcd_no_roll_prompt
                0x08001dd0       0xc4 ./Core/Src/LCD_Game_Display.o
                0x08001dd0                lcd_no_roll_prompt
 .text.lcd_reroll_prompt
                0x08001e94       0xc4 ./Core/Src/LCD_Game_Display.o
                0x08001e94                lcd_reroll_prompt
 .text.lcd_confirm_hit_prompt
                0x08001f58       0xec ./Core/Src/LCD_Game_Display.o
                0x08001f58                lcd_confirm_hit_prompt
 .text.lcd_roll_damage_prompt
                0x08002044       0xd4 ./Core/Src/LCD_Game_Display.o
                0x08002044                lcd_roll_damage_prompt
 .text.lcd_enemies_prompt
                0x08002118      0x188 ./Core/Src/LCD_Game_Display.o
                0x08002118                lcd_enemies_prompt
 .text.lcd_actions_prompt
                0x080022a0      0x15c ./Core/Src/LCD_Game_Display.o
                0x080022a0                lcd_actions_prompt
 .text.lcd_list_characters_prompt
                0x080023fc      0x19c ./Core/Src/LCD_Game_Display.o
                0x080023fc                lcd_list_characters_prompt
 .text.lcd_list_abilities_prompt
                0x08002598      0x128 ./Core/Src/LCD_Game_Display.o
                0x08002598                lcd_list_abilities_prompt
 .text.lcd_turn_order_prompt
                0x080026c0      0x388 ./Core/Src/LCD_Game_Display.o
                0x080026c0                lcd_turn_order_prompt
 .text.ST7789_SetFullScreen
                0x08002a48       0x4a ./Core/Src/LCD_Image_Display.o
                0x08002a48                ST7789_SetFullScreen
 .text.ST7789_DrawFullScreen
                0x08002a92       0x5a ./Core/Src/LCD_Image_Display.o
                0x08002a92                ST7789_DrawFullScreen
 .text.ST7789_DrawPixel
                0x08002aec       0xb0 ./Core/Src/LCD_Pixel_Draw.o
                0x08002aec                ST7789_DrawPixel
 .text.gpio_init_ST7789
                0x08002b9c       0xa0 ./Core/Src/LCD_ST7789_Init.o
                0x08002b9c                gpio_init_ST7789
 .text.ST7789_Init
                0x08002c3c      0x1e6 ./Core/Src/LCD_ST7789_Init.o
                0x08002c3c                ST7789_Init
 *fill*         0x08002e22        0x2 
 .text.ST7789_Reset
                0x08002e24       0x2c ./Core/Src/LCD_ST7789_Init.o
                0x08002e24                ST7789_Reset
 .text.ST7789_DrawChar
                0x08002e50       0xfc ./Core/Src/LCD_Text_Display.o
                0x08002e50                ST7789_DrawChar
 .text.ST7789_DrawString
                0x08002f4c       0x5c ./Core/Src/LCD_Text_Display.o
                0x08002f4c                ST7789_DrawString
 .text.CS_LOW   0x08002fa8       0x1c ./Core/Src/LCD_write.o
                0x08002fa8                CS_LOW
 .text.CS_HIGH  0x08002fc4       0x18 ./Core/Src/LCD_write.o
                0x08002fc4                CS_HIGH
 .text.DC_CMD   0x08002fdc       0x1c ./Core/Src/LCD_write.o
                0x08002fdc                DC_CMD
 .text.DC_DATA  0x08002ff8       0x18 ./Core/Src/LCD_write.o
                0x08002ff8                DC_DATA
 .text.spi1_write
                0x08003010       0x54 ./Core/Src/LCD_write.o
                0x08003010                spi1_write
 .text.writecommand
                0x08003064       0x26 ./Core/Src/LCD_write.o
                0x08003064                writecommand
 .text.writedata
                0x0800308a       0x26 ./Core/Src/LCD_write.o
                0x0800308a                writedata
 .text.LED_gpio_initialization
                0x080030b0       0xe4 ./Core/Src/Onboard_LED_Init.o
                0x080030b0                LED_gpio_initialization
 .text.SPI1_GPIO_Init
                0x08003194       0x84 ./Core/Src/SPI_Init.o
                0x08003194                SPI1_GPIO_Init
 .text.SPI1_Init
                0x08003218       0x84 ./Core/Src/SPI_Init.o
                0x08003218                SPI1_Init
 .text.__NVIC_EnableIRQ
                0x0800329c       0x3c ./Core/Src/button_interrupts.o
 .text.exti0_initialization
                0x080032d8       0x64 ./Core/Src/button_interrupts.o
                0x080032d8                exti0_initialization
 .text.exti1_initialization
                0x0800333c       0x54 ./Core/Src/button_interrupts.o
                0x0800333c                exti1_initialization
 .text.exti2_initialization
                0x08003390       0x54 ./Core/Src/button_interrupts.o
                0x08003390                exti2_initialization
 .text.gpio_button_initialization
                0x080033e4       0x6c ./Core/Src/button_interrupts.o
                0x080033e4                gpio_button_initialization
 .text.button_interrupt_initialization
                0x08003450       0x14 ./Core/Src/button_interrupts.o
                0x08003450                button_interrupt_initialization
 .text.accumulate_line
                0x08003464       0xbc ./Core/Src/command.o
                0x08003464                accumulate_line
 .text.unknown_command
                0x08003520       0x5c ./Core/Src/command.o
                0x08003520                unknown_command
 .text.handle_author
                0x0800357c       0x2c ./Core/Src/command.o
                0x0800357c                handle_author
 .text.handle_test
                0x080035a8      0x190 ./Core/Src/command.o
                0x080035a8                handle_test
 .text.handle_hexedit
                0x08003738      0x310 ./Core/Src/command.o
                0x08003738                handle_hexedit
 .text.get_int_input
                0x08003a48       0x64 ./Core/Src/command.o
                0x08003a48                get_int_input
 .text.handle_character
                0x08003aac     0x248c ./Core/Src/command.o
                0x08003aac                handle_character
 .text.handle_exit
                0x08005f38       0x2c ./Core/Src/command.o
                0x08005f38                handle_exit
 .text.process_command
                0x08005f64      0x1d0 ./Core/Src/command.o
                0x08005f64                process_command
 .text.get_character
                0x08006134      0x7a0 ./Core/Src/game_definitions.o
                0x08006134                get_character
 .text.set_character
                0x080068d4       0x58 ./Core/Src/game_definitions.o
                0x080068d4                set_character
 .text.erase_characters
                0x0800692c       0x36 ./Core/Src/game_definitions.o
                0x0800692c                erase_characters
 *fill*         0x08006962        0x2 
 .text.load_characters
                0x08006964       0x8c ./Core/Src/game_logic.o
                0x08006964                load_characters
 .text.toggle_solenoid
                0x080069f0       0x34 ./Core/Src/game_logic.o
                0x080069f0                toggle_solenoid
 .text.set_turn_order
                0x08006a24      0x410 ./Core/Src/game_logic.o
                0x08006a24                set_turn_order
 .text.combat_turn
                0x08006e34      0x678 ./Core/Src/game_logic.o
                0x08006e34                combat_turn
 .text.ability_check
                0x080074ac      0x254 ./Core/Src/game_logic.o
                0x080074ac                ability_check
 .text.roll_anything
                0x08007700       0x1e ./Core/Src/game_logic.o
                0x08007700                roll_anything
 *fill*         0x0800771e        0x2 
 .text.i2c_init
                0x08007720       0x90 ./Core/Src/i2c.o
                0x08007720                i2c_init
 .text.EXTI0_IRQHandler
                0x080077b0       0xc0 ./Core/Src/main.o
                0x080077b0                EXTI0_IRQHandler
 .text.EXTI1_IRQHandler
                0x08007870       0xc4 ./Core/Src/main.o
                0x08007870                EXTI1_IRQHandler
 .text.EXTI2_IRQHandler
                0x08007934       0xbc ./Core/Src/main.o
                0x08007934                EXTI2_IRQHandler
 .text.main     0x080079f0      0x1a4 ./Core/Src/main.o
                0x080079f0                main
 .text.SystemClock_Config
                0x08007b94       0xd4 ./Core/Src/main.o
                0x08007b94                SystemClock_Config
 .text.Error_Handler
                0x08007c68        0xc ./Core/Src/main.o
                0x08007c68                Error_Handler
 .text.NMI_Handler
                0x08007c74        0x8 ./Core/Src/stm32f4xx_it.o
                0x08007c74                NMI_Handler
 .text.HardFault_Handler
                0x08007c7c        0x8 ./Core/Src/stm32f4xx_it.o
                0x08007c7c                HardFault_Handler
 .text.MemManage_Handler
                0x08007c84        0x8 ./Core/Src/stm32f4xx_it.o
                0x08007c84                MemManage_Handler
 .text.BusFault_Handler
                0x08007c8c        0x8 ./Core/Src/stm32f4xx_it.o
                0x08007c8c                BusFault_Handler
 .text.UsageFault_Handler
                0x08007c94        0x8 ./Core/Src/stm32f4xx_it.o
                0x08007c94                UsageFault_Handler
 .text.SVC_Handler
                0x08007c9c        0xe ./Core/Src/stm32f4xx_it.o
                0x08007c9c                SVC_Handler
 .text.DebugMon_Handler
                0x08007caa        0xe ./Core/Src/stm32f4xx_it.o
                0x08007caa                DebugMon_Handler
 .text.PendSV_Handler
                0x08007cb8        0xe ./Core/Src/stm32f4xx_it.o
                0x08007cb8                PendSV_Handler
 .text.SysTick_Handler
                0x08007cc6        0xc ./Core/Src/stm32f4xx_it.o
                0x08007cc6                SysTick_Handler
 *fill*         0x08007cd2        0x2 
 .text.delay_ms
                0x08007cd4       0x58 ./Core/Src/sys_timer_delay.o
                0x08007cd4                delay_ms
 .text._read    0x08007d2c       0x3a ./Core/Src/syscalls.o
                0x08007d2c                _read
 .text._write   0x08007d66       0x38 ./Core/Src/syscalls.o
                0x08007d66                _write
 .text._close   0x08007d9e       0x18 ./Core/Src/syscalls.o
                0x08007d9e                _close
 .text._fstat   0x08007db6       0x20 ./Core/Src/syscalls.o
                0x08007db6                _fstat
 .text._isatty  0x08007dd6       0x16 ./Core/Src/syscalls.o
                0x08007dd6                _isatty
 .text._lseek   0x08007dec       0x1a ./Core/Src/syscalls.o
                0x08007dec                _lseek
 *fill*         0x08007e06        0x2 
 .text._sbrk    0x08007e08       0x6c ./Core/Src/sysmem.o
                0x08007e08                _sbrk
 .text.SystemInit
                0x08007e74       0x24 ./Core/Src/system_stm32f4xx.o
                0x08007e74                SystemInit
 .text.__NVIC_EnableIRQ
                0x08007e98       0x3c ./Core/Src/uart.o
 .text.__io_putchar
                0x08007ed4       0x98 ./Core/Src/uart.o
                0x08007ed4                __io_putchar
 .text.__io_getchar
                0x08007f6c       0xa0 ./Core/Src/uart.o
                0x08007f6c                __io_getchar
 .text.USART2_IRQHandler
                0x0800800c      0x160 ./Core/Src/uart.o
                0x0800800c                USART2_IRQHandler
 .text.UART_Init
                0x0800816c       0xa8 ./Core/Src/uart.o
                0x0800816c                UART_Init
 .text.Reset_Handler
                0x08008214       0x50 ./Core/Startup/startup_stm32f411vetx.o
                0x08008214                Reset_Handler
 .text.Default_Handler
                0x08008264        0x2 ./Core/Startup/startup_stm32f411vetx.o
                0x08008264                RTC_Alarm_IRQHandler
                0x08008264                SPI4_IRQHandler
                0x08008264                TIM1_CC_IRQHandler
                0x08008264                DMA2_Stream5_IRQHandler
                0x08008264                DMA1_Stream5_IRQHandler
                0x08008264                PVD_IRQHandler
                0x08008264                SDIO_IRQHandler
                0x08008264                TAMP_STAMP_IRQHandler
                0x08008264                EXTI3_IRQHandler
                0x08008264                TIM1_UP_TIM10_IRQHandler
                0x08008264                I2C3_ER_IRQHandler
                0x08008264                I2C2_EV_IRQHandler
                0x08008264                DMA1_Stream2_IRQHandler
                0x08008264                FPU_IRQHandler
                0x08008264                DMA2_Stream2_IRQHandler
                0x08008264                SPI1_IRQHandler
                0x08008264                TIM1_BRK_TIM9_IRQHandler
                0x08008264                DMA2_Stream3_IRQHandler
                0x08008264                USART6_IRQHandler
                0x08008264                DMA2_Stream0_IRQHandler
                0x08008264                TIM4_IRQHandler
                0x08008264                I2C1_EV_IRQHandler
                0x08008264                DMA1_Stream6_IRQHandler
                0x08008264                DMA1_Stream1_IRQHandler
                0x08008264                TIM3_IRQHandler
                0x08008264                RCC_IRQHandler
                0x08008264                Default_Handler
                0x08008264                EXTI15_10_IRQHandler
                0x08008264                ADC_IRQHandler
                0x08008264                DMA1_Stream7_IRQHandler
                0x08008264                SPI5_IRQHandler
                0x08008264                TIM5_IRQHandler
                0x08008264                DMA2_Stream7_IRQHandler
                0x08008264                I2C3_EV_IRQHandler
                0x08008264                EXTI9_5_IRQHandler
                0x08008264                RTC_WKUP_IRQHandler
                0x08008264                SPI2_IRQHandler
                0x08008264                DMA1_Stream0_IRQHandler
                0x08008264                EXTI4_IRQHandler
                0x08008264                WWDG_IRQHandler
                0x08008264                TIM2_IRQHandler
                0x08008264                OTG_FS_WKUP_IRQHandler
                0x08008264                TIM1_TRG_COM_TIM11_IRQHandler
                0x08008264                I2C2_ER_IRQHandler
                0x08008264                DMA2_Stream1_IRQHandler
                0x08008264                FLASH_IRQHandler
                0x08008264                DMA2_Stream4_IRQHandler
                0x08008264                USART1_IRQHandler
                0x08008264                OTG_FS_IRQHandler
                0x08008264                SPI3_IRQHandler
                0x08008264                DMA1_Stream4_IRQHandler
                0x08008264                I2C1_ER_IRQHandler
                0x08008264                DMA2_Stream6_IRQHandler
                0x08008264                DMA1_Stream3_IRQHandler
 *fill*         0x08008266        0x2 
 .text.HAL_InitTick
                0x08008268       0x60 ./Drivers/STM32F4xx_HAL_Driver/Src/stm32f4xx_hal.o
                0x08008268                HAL_InitTick
 .text.HAL_IncTick
                0x080082c8       0x28 ./Drivers/STM32F4xx_HAL_Driver/Src/stm32f4xx_hal.o
                0x080082c8                HAL_IncTick
 .text.HAL_GetTick
                0x080082f0       0x18 ./Drivers/STM32F4xx_HAL_Driver/Src/stm32f4xx_hal.o
                0x080082f0                HAL_GetTick
 .text.__NVIC_GetPriorityGrouping
                0x08008308       0x1c ./Drivers/STM32F4xx_HAL_Driver/Src/stm32f4xx_hal_cortex.o
 .text.__NVIC_SetPriority
                0x08008324       0x54 ./Drivers/STM32F4xx_HAL_Driver/Src/stm32f4xx_hal_cortex.o
 .text.NVIC_EncodePriority
                0x08008378       0x66 ./Drivers/STM32F4xx_HAL_Driver/Src/stm32f4xx_hal_cortex.o
 *fill*         0x080083de        0x2 
 .text.SysTick_Config
                0x080083e0       0x44 ./Drivers/STM32F4xx_HAL_Driver/Src/stm32f4xx_hal_cortex.o
 .text.HAL_NVIC_SetPriority
                0x08008424       0x38 ./Drivers/STM32F4xx_HAL_Driver/Src/stm32f4xx_hal_cortex.o
                0x08008424                HAL_NVIC_SetPriority
 .text.HAL_SYSTICK_Config
                0x0800845c       0x18 ./Drivers/STM32F4xx_HAL_Driver/Src/stm32f4xx_hal_cortex.o
                0x0800845c                HAL_SYSTICK_Config
 .text.HAL_RCC_OscConfig
                0x08008474      0x4f0 ./Drivers/STM32F4xx_HAL_Driver/Src/stm32f4xx_hal_rcc.o
                0x08008474                HAL_RCC_OscConfig
 .text.HAL_RCC_ClockConfig
                0x08008964      0x1cc ./Drivers/STM32F4xx_HAL_Driver/Src/stm32f4xx_hal_rcc.o
                0x08008964                HAL_RCC_ClockConfig
 .text.HAL_RCC_GetSysClockFreq
                0x08008b30      0x20c ./Drivers/STM32F4xx_HAL_Driver/Src/stm32f4xx_hal_rcc.o
                0x08008b30                HAL_RCC_GetSysClockFreq
 .text.atoi     0x08008d3c        0x8 C:/ST/STM32CubeIDE_1.19.0/STM32CubeIDE/plugins/com.st.stm32cube.ide.mcu.externaltools.gnu-tools-for-stm32.13.3.rel1.win32_1.0.0.202411081344/tools/bin/../lib/gcc/arm-none-eabi/13.3.1/../../../../arm-none-eabi/lib/thumb/v7e-m+fp/hard\libc_nano.a(libc_a-atoi.o)
                0x08008d3c                atoi
 .text._strtol_l.isra.0
                0x08008d44       0xf4 C:/ST/STM32CubeIDE_1.19.0/STM32CubeIDE/plugins/com.st.stm32cube.ide.mcu.externaltools.gnu-tools-for-stm32.13.3.rel1.win32_1.0.0.202411081344/tools/bin/../lib/gcc/arm-none-eabi/13.3.1/../../../../arm-none-eabi/lib/thumb/v7e-m+fp/hard\libc_nano.a(libc_a-strtol.o)
 .text.strtol   0x08008e38       0x14 C:/ST/STM32CubeIDE_1.19.0/STM32CubeIDE/plugins/com.st.stm32cube.ide.mcu.externaltools.gnu-tools-for-stm32.13.3.rel1.win32_1.0.0.202411081344/tools/bin/../lib/gcc/arm-none-eabi/13.3.1/../../../../arm-none-eabi/lib/thumb/v7e-m+fp/hard\libc_nano.a(libc_a-strtol.o)
                0x08008e38                strtol
 .text.std      0x08008e4c       0x6c C:/ST/STM32CubeIDE_1.19.0/STM32CubeIDE/plugins/com.st.stm32cube.ide.mcu.externaltools.gnu-tools-for-stm32.13.3.rel1.win32_1.0.0.202411081344/tools/bin/../lib/gcc/arm-none-eabi/13.3.1/../../../../arm-none-eabi/lib/thumb/v7e-m+fp/hard\libc_nano.a(libc_a-findfp.o)
 .text.stdio_exit_handler
                0x08008eb8       0x18 C:/ST/STM32CubeIDE_1.19.0/STM32CubeIDE/plugins/com.st.stm32cube.ide.mcu.externaltools.gnu-tools-for-stm32.13.3.rel1.win32_1.0.0.202411081344/tools/bin/../lib/gcc/arm-none-eabi/13.3.1/../../../../arm-none-eabi/lib/thumb/v7e-m+fp/hard\libc_nano.a(libc_a-findfp.o)
 .text.cleanup_stdio
                0x08008ed0       0x40 C:/ST/STM32CubeIDE_1.19.0/STM32CubeIDE/plugins/com.st.stm32cube.ide.mcu.externaltools.gnu-tools-for-stm32.13.3.rel1.win32_1.0.0.202411081344/tools/bin/../lib/gcc/arm-none-eabi/13.3.1/../../../../arm-none-eabi/lib/thumb/v7e-m+fp/hard\libc_nano.a(libc_a-findfp.o)
 .text.global_stdio_init.part.0
                0x08008f10       0x3c C:/ST/STM32CubeIDE_1.19.0/STM32CubeIDE/plugins/com.st.stm32cube.ide.mcu.externaltools.gnu-tools-for-stm32.13.3.rel1.win32_1.0.0.202411081344/tools/bin/../lib/gcc/arm-none-eabi/13.3.1/../../../../arm-none-eabi/lib/thumb/v7e-m+fp/hard\libc_nano.a(libc_a-findfp.o)
 .text.__sfp_lock_acquire
                0x08008f4c        0xc C:/ST/STM32CubeIDE_1.19.0/STM32CubeIDE/plugins/com.st.stm32cube.ide.mcu.externaltools.gnu-tools-for-stm32.13.3.rel1.win32_1.0.0.202411081344/tools/bin/../lib/gcc/arm-none-eabi/13.3.1/../../../../arm-none-eabi/lib/thumb/v7e-m+fp/hard\libc_nano.a(libc_a-findfp.o)
                0x08008f4c                __sfp_lock_acquire
 .text.__sfp_lock_release
                0x08008f58        0xc C:/ST/STM32CubeIDE_1.19.0/STM32CubeIDE/plugins/com.st.stm32cube.ide.mcu.externaltools.gnu-tools-for-stm32.13.3.rel1.win32_1.0.0.202411081344/tools/bin/../lib/gcc/arm-none-eabi/13.3.1/../../../../arm-none-eabi/lib/thumb/v7e-m+fp/hard\libc_nano.a(libc_a-findfp.o)
                0x08008f58                __sfp_lock_release
 .text.__sinit  0x08008f64       0x30 C:/ST/STM32CubeIDE_1.19.0/STM32CubeIDE/plugins/com.st.stm32cube.ide.mcu.externaltools.gnu-tools-for-stm32.13.3.rel1.win32_1.0.0.202411081344/tools/bin/../lib/gcc/arm-none-eabi/13.3.1/../../../../arm-none-eabi/lib/thumb/v7e-m+fp/hard\libc_nano.a(libc_a-findfp.o)
                0x08008f64                __sinit
 .text._fwalk_sglue
                0x08008f94       0x3c C:/ST/STM32CubeIDE_1.19.0/STM32CubeIDE/plugins/com.st.stm32cube.ide.mcu.externaltools.gnu-tools-for-stm32.13.3.rel1.win32_1.0.0.202411081344/tools/bin/../lib/gcc/arm-none-eabi/13.3.1/../../../../arm-none-eabi/lib/thumb/v7e-m+fp/hard\libc_nano.a(libc_a-fwalk.o)
                0x08008f94                _fwalk_sglue
 .text.getc     0x08008fd0       0x60 C:/ST/STM32CubeIDE_1.19.0/STM32CubeIDE/plugins/com.st.stm32cube.ide.mcu.externaltools.gnu-tools-for-stm32.13.3.rel1.win32_1.0.0.202411081344/tools/bin/../lib/gcc/arm-none-eabi/13.3.1/../../../../arm-none-eabi/lib/thumb/v7e-m+fp/hard\libc_nano.a(libc_a-getc.o)
                0x08008fd0                getc
 .text.printf   0x08009030       0x24 C:/ST/STM32CubeIDE_1.19.0/STM32CubeIDE/plugins/com.st.stm32cube.ide.mcu.externaltools.gnu-tools-for-stm32.13.3.rel1.win32_1.0.0.202411081344/tools/bin/../lib/gcc/arm-none-eabi/13.3.1/../../../../arm-none-eabi/lib/thumb/v7e-m+fp/hard\libc_nano.a(libc_a-printf.o)
                0x08009030                iprintf
                0x08009030                printf
 .text.putchar  0x08009054       0x10 C:/ST/STM32CubeIDE_1.19.0/STM32CubeIDE/plugins/com.st.stm32cube.ide.mcu.externaltools.gnu-tools-for-stm32.13.3.rel1.win32_1.0.0.202411081344/tools/bin/../lib/gcc/arm-none-eabi/13.3.1/../../../../arm-none-eabi/lib/thumb/v7e-m+fp/hard\libc_nano.a(libc_a-putchar.o)
                0x08009054                putchar
 .text._puts_r  0x08009064       0xaa C:/ST/STM32CubeIDE_1.19.0/STM32CubeIDE/plugins/com.st.stm32cube.ide.mcu.externaltools.gnu-tools-for-stm32.13.3.rel1.win32_1.0.0.202411081344/tools/bin/../lib/gcc/arm-none-eabi/13.3.1/../../../../arm-none-eabi/lib/thumb/v7e-m+fp/hard\libc_nano.a(libc_a-puts.o)
                0x08009064                _puts_r
 *fill*         0x0800910e        0x2 
 .text.puts     0x08009110       0x10 C:/ST/STM32CubeIDE_1.19.0/STM32CubeIDE/plugins/com.st.stm32cube.ide.mcu.externaltools.gnu-tools-for-stm32.13.3.rel1.win32_1.0.0.202411081344/tools/bin/../lib/gcc/arm-none-eabi/13.3.1/../../../../arm-none-eabi/lib/thumb/v7e-m+fp/hard\libc_nano.a(libc_a-puts.o)
                0x08009110                puts
 .text.__srget_r
                0x08009120       0x30 C:/ST/STM32CubeIDE_1.19.0/STM32CubeIDE/plugins/com.st.stm32cube.ide.mcu.externaltools.gnu-tools-for-stm32.13.3.rel1.win32_1.0.0.202411081344/tools/bin/../lib/gcc/arm-none-eabi/13.3.1/../../../../arm-none-eabi/lib/thumb/v7e-m+fp/hard\libc_nano.a(libc_a-rget.o)
                0x08009120                __srget_r
 .text.sprintf  0x08009150       0x44 C:/ST/STM32CubeIDE_1.19.0/STM32CubeIDE/plugins/com.st.stm32cube.ide.mcu.externaltools.gnu-tools-for-stm32.13.3.rel1.win32_1.0.0.202411081344/tools/bin/../lib/gcc/arm-none-eabi/13.3.1/../../../../arm-none-eabi/lib/thumb/v7e-m+fp/hard\libc_nano.a(libc_a-sprintf.o)
                0x08009150                siprintf
                0x08009150                sprintf
 .text.__sread  0x08009194       0x22 C:/ST/STM32CubeIDE_1.19.0/STM32CubeIDE/plugins/com.st.stm32cube.ide.mcu.externaltools.gnu-tools-for-stm32.13.3.rel1.win32_1.0.0.202411081344/tools/bin/../lib/gcc/arm-none-eabi/13.3.1/../../../../arm-none-eabi/lib/thumb/v7e-m+fp/hard\libc_nano.a(libc_a-stdio.o)
                0x08009194                __sread
 .text.__swrite
                0x080091b6       0x38 C:/ST/STM32CubeIDE_1.19.0/STM32CubeIDE/plugins/com.st.stm32cube.ide.mcu.externaltools.gnu-tools-for-stm32.13.3.rel1.win32_1.0.0.202411081344/tools/bin/../lib/gcc/arm-none-eabi/13.3.1/../../../../arm-none-eabi/lib/thumb/v7e-m+fp/hard\libc_nano.a(libc_a-stdio.o)
                0x080091b6                __swrite
 .text.__sseek  0x080091ee       0x24 C:/ST/STM32CubeIDE_1.19.0/STM32CubeIDE/plugins/com.st.stm32cube.ide.mcu.externaltools.gnu-tools-for-stm32.13.3.rel1.win32_1.0.0.202411081344/tools/bin/../lib/gcc/arm-none-eabi/13.3.1/../../../../arm-none-eabi/lib/thumb/v7e-m+fp/hard\libc_nano.a(libc_a-stdio.o)
                0x080091ee                __sseek
 .text.__sclose
                0x08009212        0x8 C:/ST/STM32CubeIDE_1.19.0/STM32CubeIDE/plugins/com.st.stm32cube.ide.mcu.externaltools.gnu-tools-for-stm32.13.3.rel1.win32_1.0.0.202411081344/tools/bin/../lib/gcc/arm-none-eabi/13.3.1/../../../../arm-none-eabi/lib/thumb/v7e-m+fp/hard\libc_nano.a(libc_a-stdio.o)
                0x08009212                __sclose
 .text.__swbuf_r
                0x0800921a       0x7c C:/ST/STM32CubeIDE_1.19.0/STM32CubeIDE/plugins/com.st.stm32cube.ide.mcu.externaltools.gnu-tools-for-stm32.13.3.rel1.win32_1.0.0.202411081344/tools/bin/../lib/gcc/arm-none-eabi/13.3.1/../../../../arm-none-eabi/lib/thumb/v7e-m+fp/hard\libc_nano.a(libc_a-wbuf.o)
                0x0800921a                __swbuf_r
 *fill*         0x08009296        0x2 
 .text.__swsetup_r
                0x08009298       0xac C:/ST/STM32CubeIDE_1.19.0/STM32CubeIDE/plugins/com.st.stm32cube.ide.mcu.externaltools.gnu-tools-for-stm32.13.3.rel1.win32_1.0.0.202411081344/tools/bin/../lib/gcc/arm-none-eabi/13.3.1/../../../../arm-none-eabi/lib/thumb/v7e-m+fp/hard\libc_nano.a(libc_a-wsetup.o)
                0x08009298                __swsetup_r
 .text.memset   0x08009344       0x10 C:/ST/STM32CubeIDE_1.19.0/STM32CubeIDE/plugins/com.st.stm32cube.ide.mcu.externaltools.gnu-tools-for-stm32.13.3.rel1.win32_1.0.0.202411081344/tools/bin/../lib/gcc/arm-none-eabi/13.3.1/../../../../arm-none-eabi/lib/thumb/v7e-m+fp/hard\libc_nano.a(libc_a-memset.o)
                0x08009344                memset
 .text.strcasecmp
                0x08009354       0x38 C:/ST/STM32CubeIDE_1.19.0/STM32CubeIDE/plugins/com.st.stm32cube.ide.mcu.externaltools.gnu-tools-for-stm32.13.3.rel1.win32_1.0.0.202411081344/tools/bin/../lib/gcc/arm-none-eabi/13.3.1/../../../../arm-none-eabi/lib/thumb/v7e-m+fp/hard\libc_nano.a(libc_a-strcasecmp.o)
                0x08009354                strcasecmp
 .text._close_r
                0x0800938c       0x20 C:/ST/STM32CubeIDE_1.19.0/STM32CubeIDE/plugins/com.st.stm32cube.ide.mcu.externaltools.gnu-tools-for-stm32.13.3.rel1.win32_1.0.0.202411081344/tools/bin/../lib/gcc/arm-none-eabi/13.3.1/../../../../arm-none-eabi/lib/thumb/v7e-m+fp/hard\libc_nano.a(libc_a-closer.o)
                0x0800938c                _close_r
 .text._lseek_r
                0x080093ac       0x24 C:/ST/STM32CubeIDE_1.19.0/STM32CubeIDE/plugins/com.st.stm32cube.ide.mcu.externaltools.gnu-tools-for-stm32.13.3.rel1.win32_1.0.0.202411081344/tools/bin/../lib/gcc/arm-none-eabi/13.3.1/../../../../arm-none-eabi/lib/thumb/v7e-m+fp/hard\libc_nano.a(libc_a-lseekr.o)
                0x080093ac                _lseek_r
 .text._read_r  0x080093d0       0x24 C:/ST/STM32CubeIDE_1.19.0/STM32CubeIDE/plugins/com.st.stm32cube.ide.mcu.externaltools.gnu-tools-for-stm32.13.3.rel1.win32_1.0.0.202411081344/tools/bin/../lib/gcc/arm-none-eabi/13.3.1/../../../../arm-none-eabi/lib/thumb/v7e-m+fp/hard\libc_nano.a(libc_a-readr.o)
                0x080093d0                _read_r
 .text._write_r
                0x080093f4       0x24 C:/ST/STM32CubeIDE_1.19.0/STM32CubeIDE/plugins/com.st.stm32cube.ide.mcu.externaltools.gnu-tools-for-stm32.13.3.rel1.win32_1.0.0.202411081344/tools/bin/../lib/gcc/arm-none-eabi/13.3.1/../../../../arm-none-eabi/lib/thumb/v7e-m+fp/hard\libc_nano.a(libc_a-writer.o)
                0x080093f4                _write_r
 .text.__errno  0x08009418        0xc C:/ST/STM32CubeIDE_1.19.0/STM32CubeIDE/plugins/com.st.stm32cube.ide.mcu.externaltools.gnu-tools-for-stm32.13.3.rel1.win32_1.0.0.202411081344/tools/bin/../lib/gcc/arm-none-eabi/13.3.1/../../../../arm-none-eabi/lib/thumb/v7e-m+fp/hard\libc_nano.a(libc_a-errno.o)
                0x08009418                __errno
 .text.__libc_init_array
                0x08009424       0x48 C:/ST/STM32CubeIDE_1.19.0/STM32CubeIDE/plugins/com.st.stm32cube.ide.mcu.externaltools.gnu-tools-for-stm32.13.3.rel1.win32_1.0.0.202411081344/tools/bin/../lib/gcc/arm-none-eabi/13.3.1/../../../../arm-none-eabi/lib/thumb/v7e-m+fp/hard\libc_nano.a(libc_a-init.o)
                0x08009424                __libc_init_array
 .text.__retarget_lock_init_recursive
                0x0800946c        0x2 C:/ST/STM32CubeIDE_1.19.0/STM32CubeIDE/plugins/com.st.stm32cube.ide.mcu.externaltools.gnu-tools-for-stm32.13.3.rel1.win32_1.0.0.202411081344/tools/bin/../lib/gcc/arm-none-eabi/13.3.1/../../../../arm-none-eabi/lib/thumb/v7e-m+fp/hard\libc_nano.a(libc_a-lock.o)
                0x0800946c                __retarget_lock_init_recursive
 .text.__retarget_lock_acquire_recursive
                0x0800946e        0x2 C:/ST/STM32CubeIDE_1.19.0/STM32CubeIDE/plugins/com.st.stm32cube.ide.mcu.externaltools.gnu-tools-for-stm32.13.3.rel1.win32_1.0.0.202411081344/tools/bin/../lib/gcc/arm-none-eabi/13.3.1/../../../../arm-none-eabi/lib/thumb/v7e-m+fp/hard\libc_nano.a(libc_a-lock.o)
                0x0800946e                __retarget_lock_acquire_recursive
 .text.__retarget_lock_release_recursive
                0x08009470        0x2 C:/ST/STM32CubeIDE_1.19.0/STM32CubeIDE/plugins/com.st.stm32cube.ide.mcu.externaltools.gnu-tools-for-stm32.13.3.rel1.win32_1.0.0.202411081344/tools/bin/../lib/gcc/arm-none-eabi/13.3.1/../../../../arm-none-eabi/lib/thumb/v7e-m+fp/hard\libc_nano.a(libc_a-lock.o)
                0x08009470                __retarget_lock_release_recursive
 .text.memcpy   0x08009472       0x1c C:/ST/STM32CubeIDE_1.19.0/STM32CubeIDE/plugins/com.st.stm32cube.ide.mcu.externaltools.gnu-tools-for-stm32.13.3.rel1.win32_1.0.0.202411081344/tools/bin/../lib/gcc/arm-none-eabi/13.3.1/../../../../arm-none-eabi/lib/thumb/v7e-m+fp/hard\libc_nano.a(libc_a-memcpy-stub.o)
                0x08009472                memcpy
 *fill*         0x0800948e        0x2 
 .text._free_r  0x08009490       0x94 C:/ST/STM32CubeIDE_1.19.0/STM32CubeIDE/plugins/com.st.stm32cube.ide.mcu.externaltools.gnu-tools-for-stm32.13.3.rel1.win32_1.0.0.202411081344/tools/bin/../lib/gcc/arm-none-eabi/13.3.1/../../../../arm-none-eabi/lib/thumb/v7e-m+fp/hard\libc_nano.a(libc_a-freer.o)
                0x08009490                _free_r
 .text.sbrk_aligned
                0x08009524       0x44 C:/ST/STM32CubeIDE_1.19.0/STM32CubeIDE/plugins/com.st.stm32cube.ide.mcu.externaltools.gnu-tools-for-stm32.13.3.rel1.win32_1.0.0.202411081344/tools/bin/../lib/gcc/arm-none-eabi/13.3.1/../../../../arm-none-eabi/lib/thumb/v7e-m+fp/hard\libc_nano.a(libc_a-mallocr.o)
 .text._malloc_r
                0x08009568      0x100 C:/ST/STM32CubeIDE_1.19.0/STM32CubeIDE/plugins/com.st.stm32cube.ide.mcu.externaltools.gnu-tools-for-stm32.13.3.rel1.win32_1.0.0.202411081344/tools/bin/../lib/gcc/arm-none-eabi/13.3.1/../../../../arm-none-eabi/lib/thumb/v7e-m+fp/hard\libc_nano.a(libc_a-mallocr.o)
                0x08009568                _malloc_r
 .text.__malloc_lock
                0x08009668        0xc C:/ST/STM32CubeIDE_1.19.0/STM32CubeIDE/plugins/com.st.stm32cube.ide.mcu.externaltools.gnu-tools-for-stm32.13.3.rel1.win32_1.0.0.202411081344/tools/bin/../lib/gcc/arm-none-eabi/13.3.1/../../../../arm-none-eabi/lib/thumb/v7e-m+fp/hard\libc_nano.a(libc_a-mlock.o)
                0x08009668                __malloc_lock
 .text.__malloc_unlock
                0x08009674        0xc C:/ST/STM32CubeIDE_1.19.0/STM32CubeIDE/plugins/com.st.stm32cube.ide.mcu.externaltools.gnu-tools-for-stm32.13.3.rel1.win32_1.0.0.202411081344/tools/bin/../lib/gcc/arm-none-eabi/13.3.1/../../../../arm-none-eabi/lib/thumb/v7e-m+fp/hard\libc_nano.a(libc_a-mlock.o)
                0x08009674                __malloc_unlock
 .text.__ssputs_r
                0x08009680       0xb6 C:/ST/STM32CubeIDE_1.19.0/STM32CubeIDE/plugins/com.st.stm32cube.ide.mcu.externaltools.gnu-tools-for-stm32.13.3.rel1.win32_1.0.0.202411081344/tools/bin/../lib/gcc/arm-none-eabi/13.3.1/../../../../arm-none-eabi/lib/thumb/v7e-m+fp/hard\libc_nano.a(libc_a-nano-svfprintf.o)
                0x08009680                __ssputs_r
 *fill*         0x08009736        0x2 
 .text._svfprintf_r
                0x08009738      0x1f8 C:/ST/STM32CubeIDE_1.19.0/STM32CubeIDE/plugins/com.st.stm32cube.ide.mcu.externaltools.gnu-tools-for-stm32.13.3.rel1.win32_1.0.0.202411081344/tools/bin/../lib/gcc/arm-none-eabi/13.3.1/../../../../arm-none-eabi/lib/thumb/v7e-m+fp/hard\libc_nano.a(libc_a-nano-svfprintf.o)
                0x08009738                _svfiprintf_r
                0x08009738                _svfprintf_r
 .text.__sfputc_r
                0x08009930       0x2e C:/ST/STM32CubeIDE_1.19.0/STM32CubeIDE/plugins/com.st.stm32cube.ide.mcu.externaltools.gnu-tools-for-stm32.13.3.rel1.win32_1.0.0.202411081344/tools/bin/../lib/gcc/arm-none-eabi/13.3.1/../../../../arm-none-eabi/lib/thumb/v7e-m+fp/hard\libc_nano.a(libc_a-nano-vfprintf.o)
 .text.__sfputs_r
                0x0800995e       0x24 C:/ST/STM32CubeIDE_1.19.0/STM32CubeIDE/plugins/com.st.stm32cube.ide.mcu.externaltools.gnu-tools-for-stm32.13.3.rel1.win32_1.0.0.202411081344/tools/bin/../lib/gcc/arm-none-eabi/13.3.1/../../../../arm-none-eabi/lib/thumb/v7e-m+fp/hard\libc_nano.a(libc_a-nano-vfprintf.o)
                0x0800995e                __sfputs_r
 *fill*         0x08009982        0x2 
 .text._vfprintf_r
                0x08009984      0x230 C:/ST/STM32CubeIDE_1.19.0/STM32CubeIDE/plugins/com.st.stm32cube.ide.mcu.externaltools.gnu-tools-for-stm32.13.3.rel1.win32_1.0.0.202411081344/tools/bin/../lib/gcc/arm-none-eabi/13.3.1/../../../../arm-none-eabi/lib/thumb/v7e-m+fp/hard\libc_nano.a(libc_a-nano-vfprintf.o)
                0x08009984                _vfprintf_r
                0x08009984                _vfiprintf_r
 .text._printf_common
                0x08009bb4       0xda C:/ST/STM32CubeIDE_1.19.0/STM32CubeIDE/plugins/com.st.stm32cube.ide.mcu.externaltools.gnu-tools-for-stm32.13.3.rel1.win32_1.0.0.202411081344/tools/bin/../lib/gcc/arm-none-eabi/13.3.1/../../../../arm-none-eabi/lib/thumb/v7e-m+fp/hard\libc_nano.a(libc_a-nano-vfprintf_i.o)
                0x08009bb4                _printf_common
 *fill*         0x08009c8e        0x2 
 .text._printf_i
                0x08009c90      0x23c C:/ST/STM32CubeIDE_1.19.0/STM32CubeIDE/plugins/com.st.stm32cube.ide.mcu.externaltools.gnu-tools-for-stm32.13.3.rel1.win32_1.0.0.202411081344/tools/bin/../lib/gcc/arm-none-eabi/13.3.1/../../../../arm-none-eabi/lib/thumb/v7e-m+fp/hard\libc_nano.a(libc_a-nano-vfprintf_i.o)
                0x08009c90                _printf_i
 .text.__sflush_r
                0x08009ecc      0x108 C:/ST/STM32CubeIDE_1.19.0/STM32CubeIDE/plugins/com.st.stm32cube.ide.mcu.externaltools.gnu-tools-for-stm32.13.3.rel1.win32_1.0.0.202411081344/tools/bin/../lib/gcc/arm-none-eabi/13.3.1/../../../../arm-none-eabi/lib/thumb/v7e-m+fp/hard\libc_nano.a(libc_a-fflush.o)
                0x08009ecc                __sflush_r
 .text._fflush_r
                0x08009fd4       0x50 C:/ST/STM32CubeIDE_1.19.0/STM32CubeIDE/plugins/com.st.stm32cube.ide.mcu.externaltools.gnu-tools-for-stm32.13.3.rel1.win32_1.0.0.202411081344/tools/bin/../lib/gcc/arm-none-eabi/13.3.1/../../../../arm-none-eabi/lib/thumb/v7e-m+fp/hard\libc_nano.a(libc_a-fflush.o)
                0x08009fd4                _fflush_r
 .text.__swhatbuf_r
                0x0800a024       0x4c C:/ST/STM32CubeIDE_1.19.0/STM32CubeIDE/plugins/com.st.stm32cube.ide.mcu.externaltools.gnu-tools-for-stm32.13.3.rel1.win32_1.0.0.202411081344/tools/bin/../lib/gcc/arm-none-eabi/13.3.1/../../../../arm-none-eabi/lib/thumb/v7e-m+fp/hard\libc_nano.a(libc_a-makebuf.o)
                0x0800a024                __swhatbuf_r
 .text.__smakebuf_r
                0x0800a070       0x78 C:/ST/STM32CubeIDE_1.19.0/STM32CubeIDE/plugins/com.st.stm32cube.ide.mcu.externaltools.gnu-tools-for-stm32.13.3.rel1.win32_1.0.0.202411081344/tools/bin/../lib/gcc/arm-none-eabi/13.3.1/../../../../arm-none-eabi/lib/thumb/v7e-m+fp/hard\libc_nano.a(libc_a-makebuf.o)
                0x0800a070                __smakebuf_r
 .text._putc_r  0x0800a0e8       0x68 C:/ST/STM32CubeIDE_1.19.0/STM32CubeIDE/plugins/com.st.stm32cube.ide.mcu.externaltools.gnu-tools-for-stm32.13.3.rel1.win32_1.0.0.202411081344/tools/bin/../lib/gcc/arm-none-eabi/13.3.1/../../../../arm-none-eabi/lib/thumb/v7e-m+fp/hard\libc_nano.a(libc_a-putc.o)
                0x0800a0e8                _putc_r
 .text.lflush   0x0800a150       0x1c C:/ST/STM32CubeIDE_1.19.0/STM32CubeIDE/plugins/com.st.stm32cube.ide.mcu.externaltools.gnu-tools-for-stm32.13.3.rel1.win32_1.0.0.202411081344/tools/bin/../lib/gcc/arm-none-eabi/13.3.1/../../../../arm-none-eabi/lib/thumb/v7e-m+fp/hard\libc_nano.a(libc_a-refill.o)
 .text.__srefill_r
                0x0800a16c       0xe8 C:/ST/STM32CubeIDE_1.19.0/STM32CubeIDE/plugins/com.st.stm32cube.ide.mcu.externaltools.gnu-tools-for-stm32.13.3.rel1.win32_1.0.0.202411081344/tools/bin/../lib/gcc/arm-none-eabi/13.3.1/../../../../arm-none-eabi/lib/thumb/v7e-m+fp/hard\libc_nano.a(libc_a-refill.o)
                0x0800a16c                __srefill_r
 .text.memmove  0x0800a254       0x34 C:/ST/STM32CubeIDE_1.19.0/STM32CubeIDE/plugins/com.st.stm32cube.ide.mcu.externaltools.gnu-tools-for-stm32.13.3.rel1.win32_1.0.0.202411081344/tools/bin/../lib/gcc/arm-none-eabi/13.3.1/../../../../arm-none-eabi/lib/thumb/v7e-m+fp/hard\libc_nano.a(libc_a-memmove.o)
                0x0800a254                memmove
 .text._fstat_r
                0x0800a288       0x24 C:/ST/STM32CubeIDE_1.19.0/STM32CubeIDE/plugins/com.st.stm32cube.ide.mcu.externaltools.gnu-tools-for-stm32.13.3.rel1.win32_1.0.0.202411081344/tools/bin/../lib/gcc/arm-none-eabi/13.3.1/../../../../arm-none-eabi/lib/thumb/v7e-m+fp/hard\libc_nano.a(libc_a-fstatr.o)
                0x0800a288                _fstat_r
 .text._isatty_r
                0x0800a2ac       0x20 C:/ST/STM32CubeIDE_1.19.0/STM32CubeIDE/plugins/com.st.stm32cube.ide.mcu.externaltools.gnu-tools-for-stm32.13.3.rel1.win32_1.0.0.202411081344/tools/bin/../lib/gcc/arm-none-eabi/13.3.1/../../../../arm-none-eabi/lib/thumb/v7e-m+fp/hard\libc_nano.a(libc_a-isattyr.o)
                0x0800a2ac                _isatty_r
 .text._sbrk_r  0x0800a2cc       0x20 C:/ST/STM32CubeIDE_1.19.0/STM32CubeIDE/plugins/com.st.stm32cube.ide.mcu.externaltools.gnu-tools-for-stm32.13.3.rel1.win32_1.0.0.202411081344/tools/bin/../lib/gcc/arm-none-eabi/13.3.1/../../../../arm-none-eabi/lib/thumb/v7e-m+fp/hard\libc_nano.a(libc_a-sbrkr.o)
                0x0800a2cc                _sbrk_r
 .text._realloc_r
                0x0800a2ec       0x5c C:/ST/STM32CubeIDE_1.19.0/STM32CubeIDE/plugins/com.st.stm32cube.ide.mcu.externaltools.gnu-tools-for-stm32.13.3.rel1.win32_1.0.0.202411081344/tools/bin/../lib/gcc/arm-none-eabi/13.3.1/../../../../arm-none-eabi/lib/thumb/v7e-m+fp/hard\libc_nano.a(libc_a-reallocr.o)
                0x0800a2ec                _realloc_r
 .text._malloc_usable_size_r
                0x0800a348       0x10 C:/ST/STM32CubeIDE_1.19.0/STM32CubeIDE/plugins/com.st.stm32cube.ide.mcu.externaltools.gnu-tools-for-stm32.13.3.rel1.win32_1.0.0.202411081344/tools/bin/../lib/gcc/arm-none-eabi/13.3.1/../../../../arm-none-eabi/lib/thumb/v7e-m+fp/hard\libc_nano.a(libc_a-msizer.o)
                0x0800a348                _malloc_usable_size_r
 *(.glue_7)
 .glue_7        0x0800a358        0x0 linker stubs
 *(.glue_7t)
 .glue_7t       0x0800a358        0x0 linker stubs
 *(.eh_frame)
 .eh_frame      0x0800a358        0x0 C:/ST/STM32CubeIDE_1.19.0/STM32CubeIDE/plugins/com.st.stm32cube.ide.mcu.externaltools.gnu-tools-for-stm32.13.3.rel1.win32_1.0.0.202411081344/tools/bin/../lib/gcc/arm-none-eabi/13.3.1/thumb/v7e-m+fp/hard/crtbegin.o
 *(.init)
 .init          0x0800a358        0x4 C:/ST/STM32CubeIDE_1.19.0/STM32CubeIDE/plugins/com.st.stm32cube.ide.mcu.externaltools.gnu-tools-for-stm32.13.3.rel1.win32_1.0.0.202411081344/tools/bin/../lib/gcc/arm-none-eabi/13.3.1/thumb/v7e-m+fp/hard/crti.o
                0x0800a358                _init
 .init          0x0800a35c        0x8 C:/ST/STM32CubeIDE_1.19.0/STM32CubeIDE/plugins/com.st.stm32cube.ide.mcu.externaltools.gnu-tools-for-stm32.13.3.rel1.win32_1.0.0.202411081344/tools/bin/../lib/gcc/arm-none-eabi/13.3.1/thumb/v7e-m+fp/hard/crtn.o
 *(.fini)
 .fini          0x0800a364        0x4 C:/ST/STM32CubeIDE_1.19.0/STM32CubeIDE/plugins/com.st.stm32cube.ide.mcu.externaltools.gnu-tools-for-stm32.13.3.rel1.win32_1.0.0.202411081344/tools/bin/../lib/gcc/arm-none-eabi/13.3.1/thumb/v7e-m+fp/hard/crti.o
                0x0800a364                _fini
 .fini          0x0800a368        0x8 C:/ST/STM32CubeIDE_1.19.0/STM32CubeIDE/plugins/com.st.stm32cube.ide.mcu.externaltools.gnu-tools-for-stm32.13.3.rel1.win32_1.0.0.202411081344/tools/bin/../lib/gcc/arm-none-eabi/13.3.1/thumb/v7e-m+fp/hard/crtn.o
                0x0800a370                        . = ALIGN (0x4)
                0x0800a370                        _etext = .

.vfp11_veneer   0x0800a370        0x0
 .vfp11_veneer  0x0800a370        0x0 linker stubs

.v4_bx          0x0800a370        0x0
 .v4_bx         0x0800a370        0x0 linker stubs

.iplt           0x0800a370        0x0
 .iplt          0x0800a370        0x0 C:/ST/STM32CubeIDE_1.19.0/STM32CubeIDE/plugins/com.st.stm32cube.ide.mcu.externaltools.gnu-tools-for-stm32.13.3.rel1.win32_1.0.0.202411081344/tools/bin/../lib/gcc/arm-none-eabi/13.3.1/thumb/v7e-m+fp/hard/crtbegin.o

.rodata         0x0800a370    0x393b0
                0x0800a370                        . = ALIGN (0x4)
 *(.rodata)
 .rodata        0x0800a370      0x238 ./Core/Src/LCD_Game_Display.o
 .rodata        0x0800a5a8     0x1f11 ./Core/Src/command.o
 *fill*         0x0800c4b9        0x3 
 .rodata        0x0800c4bc        0x8 ./Core/Src/main.o
 *(.rodata*)
 .rodata.weapon_damage_lookup
                0x0800c4c4       0x27 ./Core/Src/LCD_Game_Display.o
 *fill*         0x0800c4eb        0x1 
 .rodata.myImage
                0x0800c4ec    0x36ee8 ./Core/Src/LCD_Image_Display.o
                0x0800c4ec                myImage
 .rodata.font5x7
                0x080433d4      0x1e0 ./Core/Src/LCD_Text_Display.o
 .rodata.commands
                0x080435b4       0x28 ./Core/Src/command.o
 .rodata.AHBPrescTable
                0x080435dc       0x10 ./Core/Src/system_stm32f4xx.o
                0x080435dc                AHBPrescTable
 .rodata._ctype_
                0x080435ec      0x101 C:/ST/STM32CubeIDE_1.19.0/STM32CubeIDE/plugins/com.st.stm32cube.ide.mcu.externaltools.gnu-tools-for-stm32.13.3.rel1.win32_1.0.0.202411081344/tools/bin/../lib/gcc/arm-none-eabi/13.3.1/../../../../arm-none-eabi/lib/thumb/v7e-m+fp/hard\libc_nano.a(libc_a-ctype_.o)
                0x080435ec                _ctype_
 .rodata._svfprintf_r.str1.1
                0x080436ed       0x33 C:/ST/STM32CubeIDE_1.19.0/STM32CubeIDE/plugins/com.st.stm32cube.ide.mcu.externaltools.gnu-tools-for-stm32.13.3.rel1.win32_1.0.0.202411081344/tools/bin/../lib/gcc/arm-none-eabi/13.3.1/../../../../arm-none-eabi/lib/thumb/v7e-m+fp/hard\libc_nano.a(libc_a-nano-svfprintf.o)
                                 0x11 (size before relaxing)
 .rodata._vfprintf_r.str1.1
                0x08043720       0x11 C:/ST/STM32CubeIDE_1.19.0/STM32CubeIDE/plugins/com.st.stm32cube.ide.mcu.externaltools.gnu-tools-for-stm32.13.3.rel1.win32_1.0.0.202411081344/tools/bin/../lib/gcc/arm-none-eabi/13.3.1/../../../../arm-none-eabi/lib/thumb/v7e-m+fp/hard\libc_nano.a(libc_a-nano-vfprintf.o)
 .rodata._printf_i.str1.1
                0x08043720       0x22 C:/ST/STM32CubeIDE_1.19.0/STM32CubeIDE/plugins/com.st.stm32cube.ide.mcu.externaltools.gnu-tools-for-stm32.13.3.rel1.win32_1.0.0.202411081344/tools/bin/../lib/gcc/arm-none-eabi/13.3.1/../../../../arm-none-eabi/lib/thumb/v7e-m+fp/hard\libc_nano.a(libc_a-nano-vfprintf_i.o)
                0x08043744                        . = ALIGN (0x4)

.ARM.extab      0x08043720        0x0
                0x08043720                        . = ALIGN (0x4)
 *(.ARM.extab* .gnu.linkonce.armextab.*)
                0x08043720                        . = ALIGN (0x4)

.ARM            0x08043720        0x8
                0x08043720                        . = ALIGN (0x4)
                0x08043720                        __exidx_start = .
 *(.ARM.exidx*)
 .ARM.exidx     0x08043720        0x8 C:/ST/STM32CubeIDE_1.19.0/STM32CubeIDE/plugins/com.st.stm32cube.ide.mcu.externaltools.gnu-tools-for-stm32.13.3.rel1.win32_1.0.0.202411081344/tools/bin/../lib/gcc/arm-none-eabi/13.3.1/../../../../arm-none-eabi/lib/thumb/v7e-m+fp/hard\libc_nano.a(libc_a-strlen.o)
 .ARM.exidx     0x08043728        0x0 C:/ST/STM32CubeIDE_1.19.0/STM32CubeIDE/plugins/com.st.stm32cube.ide.mcu.externaltools.gnu-tools-for-stm32.13.3.rel1.win32_1.0.0.202411081344/tools/bin/../lib/gcc/arm-none-eabi/13.3.1/../../../../arm-none-eabi/lib/thumb/v7e-m+fp/hard\libc_nano.a(libc_a-memchr.o)
                                  0x8 (size before relaxing)
 .ARM.exidx     0x08043728        0x0 C:/ST/STM32CubeIDE_1.19.0/STM32CubeIDE/plugins/com.st.stm32cube.ide.mcu.externaltools.gnu-tools-for-stm32.13.3.rel1.win32_1.0.0.202411081344/tools/bin/../lib/gcc/arm-none-eabi/13.3.1/thumb/v7e-m+fp/hard\libgcc.a(_udivmoddi4.o)
                                  0x8 (size before relaxing)
                0x08043728                        __exidx_end = .
                0x08043728                        . = ALIGN (0x4)

.preinit_array  0x08043728        0x0
                0x08043728                        . = ALIGN (0x4)
                0x08043728                        PROVIDE (__preinit_array_start = .)
 *(.preinit_array*)
                0x08043728                        PROVIDE (__preinit_array_end = .)
                0x08043728                        . = ALIGN (0x4)

.init_array     0x08043728        0x4
                0x08043728                        . = ALIGN (0x4)
                0x08043728                        PROVIDE (__init_array_start = .)
 *(SORT_BY_NAME(.init_array.*))
 *(.init_array*)
 .init_array    0x08043728        0x4 C:/ST/STM32CubeIDE_1.19.0/STM32CubeIDE/plugins/com.st.stm32cube.ide.mcu.externaltools.gnu-tools-for-stm32.13.3.rel1.win32_1.0.0.202411081344/tools/bin/../lib/gcc/arm-none-eabi/13.3.1/thumb/v7e-m+fp/hard/crtbegin.o
                0x0804372c                        PROVIDE (__init_array_end = .)
                0x0804372c                        . = ALIGN (0x4)

.fini_array     0x0804372c        0x4
                0x0804372c                        . = ALIGN (0x4)
                [!provide]                        PROVIDE (__fini_array_start = .)
 *(SORT_BY_NAME(.fini_array.*))
 *(.fini_array*)
 .fini_array    0x0804372c        0x4 C:/ST/STM32CubeIDE_1.19.0/STM32CubeIDE/plugins/com.st.stm32cube.ide.mcu.externaltools.gnu-tools-for-stm32.13.3.rel1.win32_1.0.0.202411081344/tools/bin/../lib/gcc/arm-none-eabi/13.3.1/thumb/v7e-m+fp/hard/crtbegin.o
                [!provide]                        PROVIDE (__fini_array_end = .)
                0x08043730                        . = ALIGN (0x4)
                0x08043730                        _sidata = LOADADDR (.data)

.rel.dyn        0x08043730        0x0
 .rel.iplt      0x08043730        0x0 C:/ST/STM32CubeIDE_1.19.0/STM32CubeIDE/plugins/com.st.stm32cube.ide.mcu.externaltools.gnu-tools-for-stm32.13.3.rel1.win32_1.0.0.202411081344/tools/bin/../lib/gcc/arm-none-eabi/13.3.1/thumb/v7e-m+fp/hard/crtbegin.o

.data           0x20000000      0x5f4 load address 0x08043730
                0x20000000                        . = ALIGN (0x4)
                0x20000000                        _sdata = .
 *(.data)
 *(.data*)
 .data.selected_index
                0x20000000        0x4 ./Core/Src/LCD_Game_Display.o
                0x20000000                selected_index
 .data.actions_character
                0x20000004      0x104 ./Core/Src/LCD_Game_Display.o
                0x20000004                actions_character
 .data.ability_check_lcd
                0x20000108      0x17c ./Core/Src/LCD_Game_Display.o
                0x20000108                ability_check_lcd
 .data.weapon_lcd
                0x20000284      0x2f8 ./Core/Src/LCD_Game_Display.o
                0x20000284                weapon_lcd
 .data.visible_items
                0x2000057c        0x4 ./Core/Src/main.o
                0x2000057c                visible_items
 .data.led_flag
                0x20000580        0x4 ./Core/Src/main.o
                0x20000580                led_flag
 .data.SystemCoreClock
                0x20000584        0x4 ./Core/Src/system_stm32f4xx.o
                0x20000584                SystemCoreClock
 .data.tx_isempty
                0x20000588        0x4 ./Core/Src/uart.o
                0x20000588                tx_isempty
 .data.rx_isempty
                0x2000058c        0x4 ./Core/Src/uart.o
                0x2000058c                rx_isempty
 .data.uwTickPrio
                0x20000590        0x4 ./Drivers/STM32F4xx_HAL_Driver/Src/stm32f4xx_hal.o
                0x20000590                uwTickPrio
 .data.uwTickFreq
                0x20000594        0x1 ./Drivers/STM32F4xx_HAL_Driver/Src/stm32f4xx_hal.o
                0x20000594                uwTickFreq
 *fill*         0x20000595        0x3 
 .data.__sglue  0x20000598        0xc C:/ST/STM32CubeIDE_1.19.0/STM32CubeIDE/plugins/com.st.stm32cube.ide.mcu.externaltools.gnu-tools-for-stm32.13.3.rel1.win32_1.0.0.202411081344/tools/bin/../lib/gcc/arm-none-eabi/13.3.1/../../../../arm-none-eabi/lib/thumb/v7e-m+fp/hard\libc_nano.a(libc_a-findfp.o)
                0x20000598                __sglue
 .data._impure_ptr
                0x200005a4        0x4 C:/ST/STM32CubeIDE_1.19.0/STM32CubeIDE/plugins/com.st.stm32cube.ide.mcu.externaltools.gnu-tools-for-stm32.13.3.rel1.win32_1.0.0.202411081344/tools/bin/../lib/gcc/arm-none-eabi/13.3.1/../../../../arm-none-eabi/lib/thumb/v7e-m+fp/hard\libc_nano.a(libc_a-impure.o)
                0x200005a4                _impure_ptr
 .data._impure_data
                0x200005a8       0x4c C:/ST/STM32CubeIDE_1.19.0/STM32CubeIDE/plugins/com.st.stm32cube.ide.mcu.externaltools.gnu-tools-for-stm32.13.3.rel1.win32_1.0.0.202411081344/tools/bin/../lib/gcc/arm-none-eabi/13.3.1/../../../../arm-none-eabi/lib/thumb/v7e-m+fp/hard\libc_nano.a(libc_a-impure.o)
                0x200005a8                _impure_data
 *(.RamFunc)
 *(.RamFunc*)
                0x200005f4                        . = ALIGN (0x4)
                0x200005f4                        _edata = .

.igot.plt       0x200005f4        0x0 load address 0x08043d24
 .igot.plt      0x200005f4        0x0 C:/ST/STM32CubeIDE_1.19.0/STM32CubeIDE/plugins/com.st.stm32cube.ide.mcu.externaltools.gnu-tools-for-stm32.13.3.rel1.win32_1.0.0.202411081344/tools/bin/../lib/gcc/arm-none-eabi/13.3.1/thumb/v7e-m+fp/hard/crtbegin.o
                0x200005f4                        . = ALIGN (0x4)

.bss            0x200005f4     0x2400 load address 0x08043d24
                0x200005f4                        _sbss = .
                0x200005f4                        __bss_start__ = _sbss
 *(.bss)
 .bss           0x200005f4       0x1c C:/ST/STM32CubeIDE_1.19.0/STM32CubeIDE/plugins/com.st.stm32cube.ide.mcu.externaltools.gnu-tools-for-stm32.13.3.rel1.win32_1.0.0.202411081344/tools/bin/../lib/gcc/arm-none-eabi/13.3.1/thumb/v7e-m+fp/hard/crtbegin.o
 *(.bss*)
 .bss.cursor_index
                0x20000610        0x4 ./Core/Src/LCD_Game_Display.o
                0x20000610                cursor_index
 .bss.top_index
                0x20000614        0x4 ./Core/Src/LCD_Game_Display.o
                0x20000614                top_index
 .bss.characters
                0x20000618      0x4f2 ./Core/Src/game_logic.o
                0x20000618                characters
 *fill*         0x20000b0a        0x2 
 .bss.turn_order
                0x20000b0c      0xd30 ./Core/Src/game_logic.o
                0x20000b0c                turn_order
 .bss.combat_end_flag
                0x2000183c        0x4 ./Core/Src/game_logic.o
                0x2000183c                combat_end_flag
 .bss.character_count
                0x20001840        0x4 ./Core/Src/game_logic.o
                0x20001840                character_count
 .bss.characters_loaded
                0x20001844        0x4 ./Core/Src/game_logic.o
                0x20001844                characters_loaded
 .bss.press_button_0
                0x20001848        0x4 ./Core/Src/main.o
 .bss.press_button_1
                0x2000184c        0x4 ./Core/Src/main.o
 .bss.press_button_2
                0x20001850        0x4 ./Core/Src/main.o
 .bss.event_up  0x20001854        0x4 ./Core/Src/main.o
                0x20001854                event_up
 .bss.event_down
                0x20001858        0x4 ./Core/Src/main.o
                0x20001858                event_down
 .bss.flag_ok   0x2000185c        0x4 ./Core/Src/main.o
                0x2000185c                flag_ok
 .bss.flag_left
                0x20001860        0x4 ./Core/Src/main.o
                0x20001860                flag_left
 .bss.flag_right
                0x20001864        0x4 ./Core/Src/main.o
                0x20001864                flag_right
 .bss.deterministic_state
                0x20001868        0x4 ./Core/Src/main.o
                0x20001868                deterministic_state
 .bss.button_flag
                0x2000186c        0x4 ./Core/Src/main.o
                0x2000186c                button_flag
 .bss.lcd_roll_prompt_selection
                0x20001870        0x4 ./Core/Src/main.o
                0x20001870                lcd_roll_prompt_selection
 .bss.lcd_roll_prompt_selection_ok_pressed_flag
                0x20001874        0x4 ./Core/Src/main.o
                0x20001874                lcd_roll_prompt_selection_ok_pressed_flag
 .bss.lcd_down_selection
                0x20001878        0x4 ./Core/Src/main.o
                0x20001878                lcd_down_selection
 .bss.lcd_roll_prompt_selection_changed
                0x2000187c        0x4 ./Core/Src/main.o
                0x2000187c                lcd_roll_prompt_selection_changed
 .bss.return_to_program_start_flag
                0x20001880        0x4 ./Core/Src/main.o
                0x20001880                return_to_program_start_flag
 .bss.lcd_combat_end_flag
                0x20001884        0x4 ./Core/Src/main.o
                0x20001884                lcd_combat_end_flag
 .bss.__sbrk_heap_end
                0x20001888        0x4 ./Core/Src/sysmem.o
 .bss.tx_buffer
                0x2000188c      0x800 ./Core/Src/uart.o
                0x2000188c                tx_buffer
 .bss.rx_buffer
                0x2000208c      0x800 ./Core/Src/uart.o
                0x2000208c                rx_buffer
 .bss.tx_writepos
                0x2000288c        0x4 ./Core/Src/uart.o
                0x2000288c                tx_writepos
 .bss.tx_readpos
                0x20002890        0x4 ./Core/Src/uart.o
                0x20002890                tx_readpos
 .bss.tx_isfull
                0x20002894        0x4 ./Core/Src/uart.o
                0x20002894                tx_isfull
 .bss.rx_writepos
                0x20002898        0x4 ./Core/Src/uart.o
                0x20002898                rx_writepos
 .bss.rx_readpos
                0x2000289c        0x4 ./Core/Src/uart.o
                0x2000289c                rx_readpos
 .bss.rx_isfull
                0x200028a0        0x4 ./Core/Src/uart.o
                0x200028a0                rx_isfull
 .bss.uwTick    0x200028a4        0x4 ./Drivers/STM32F4xx_HAL_Driver/Src/stm32f4xx_hal.o
                0x200028a4                uwTick
 .bss.__sf      0x200028a8      0x138 C:/ST/STM32CubeIDE_1.19.0/STM32CubeIDE/plugins/com.st.stm32cube.ide.mcu.externaltools.gnu-tools-for-stm32.13.3.rel1.win32_1.0.0.202411081344/tools/bin/../lib/gcc/arm-none-eabi/13.3.1/../../../../arm-none-eabi/lib/thumb/v7e-m+fp/hard\libc_nano.a(libc_a-findfp.o)
                0x200028a8                __sf
 .bss.__stdio_exit_handler
                0x200029e0        0x4 C:/ST/STM32CubeIDE_1.19.0/STM32CubeIDE/plugins/com.st.stm32cube.ide.mcu.externaltools.gnu-tools-for-stm32.13.3.rel1.win32_1.0.0.202411081344/tools/bin/../lib/gcc/arm-none-eabi/13.3.1/../../../../arm-none-eabi/lib/thumb/v7e-m+fp/hard\libc_nano.a(libc_a-findfp.o)
                0x200029e0                __stdio_exit_handler
 .bss.errno     0x200029e4        0x4 C:/ST/STM32CubeIDE_1.19.0/STM32CubeIDE/plugins/com.st.stm32cube.ide.mcu.externaltools.gnu-tools-for-stm32.13.3.rel1.win32_1.0.0.202411081344/tools/bin/../lib/gcc/arm-none-eabi/13.3.1/../../../../arm-none-eabi/lib/thumb/v7e-m+fp/hard\libc_nano.a(libc_a-reent.o)
                0x200029e4                errno
 .bss.__lock___malloc_recursive_mutex
                0x200029e8        0x1 C:/ST/STM32CubeIDE_1.19.0/STM32CubeIDE/plugins/com.st.stm32cube.ide.mcu.externaltools.gnu-tools-for-stm32.13.3.rel1.win32_1.0.0.202411081344/tools/bin/../lib/gcc/arm-none-eabi/13.3.1/../../../../arm-none-eabi/lib/thumb/v7e-m+fp/hard\libc_nano.a(libc_a-lock.o)
                0x200029e8                __lock___malloc_recursive_mutex
 .bss.__lock___sfp_recursive_mutex
                0x200029e9        0x1 C:/ST/STM32CubeIDE_1.19.0/STM32CubeIDE/plugins/com.st.stm32cube.ide.mcu.externaltools.gnu-tools-for-stm32.13.3.rel1.win32_1.0.0.202411081344/tools/bin/../lib/gcc/arm-none-eabi/13.3.1/../../../../arm-none-eabi/lib/thumb/v7e-m+fp/hard\libc_nano.a(libc_a-lock.o)
                0x200029e9                __lock___sfp_recursive_mutex
 *fill*         0x200029ea        0x2 
 .bss.__malloc_sbrk_start
                0x200029ec        0x4 C:/ST/STM32CubeIDE_1.19.0/STM32CubeIDE/plugins/com.st.stm32cube.ide.mcu.externaltools.gnu-tools-for-stm32.13.3.rel1.win32_1.0.0.202411081344/tools/bin/../lib/gcc/arm-none-eabi/13.3.1/../../../../arm-none-eabi/lib/thumb/v7e-m+fp/hard\libc_nano.a(libc_a-mallocr.o)
                0x200029ec                __malloc_sbrk_start
 .bss.__malloc_free_list
                0x200029f0        0x4 C:/ST/STM32CubeIDE_1.19.0/STM32CubeIDE/plugins/com.st.stm32cube.ide.mcu.externaltools.gnu-tools-for-stm32.13.3.rel1.win32_1.0.0.202411081344/tools/bin/../lib/gcc/arm-none-eabi/13.3.1/../../../../arm-none-eabi/lib/thumb/v7e-m+fp/hard\libc_nano.a(libc_a-mallocr.o)
                0x200029f0                __malloc_free_list
 *(COMMON)
                0x200029f4                        . = ALIGN (0x4)
                0x200029f4                        _ebss = .
                0x200029f4                        __bss_end__ = _ebss

._user_heap_stack
                0x200029f4      0x604 load address 0x08043d24
                0x200029f8                        . = ALIGN (0x8)
 *fill*         0x200029f4        0x4 
                [!provide]                        PROVIDE (end = .)
                0x200029f8                        PROVIDE (_end = .)
                0x20002bf8                        . = (. + _Min_Heap_Size)
 *fill*         0x200029f8      0x200 
                0x20002ff8                        . = (. + _Min_Stack_Size)
 *fill*         0x20002bf8      0x400 
                0x20002ff8                        . = ALIGN (0x8)

/DISCARD/
 libc.a(*)
 libm.a(*)
 libgcc.a(*)

.ARM.attributes
                0x00000000       0x30
 *(.ARM.attributes)
 .ARM.attributes
                0x00000000       0x22 C:/ST/STM32CubeIDE_1.19.0/STM32CubeIDE/plugins/com.st.stm32cube.ide.mcu.externaltools.gnu-tools-for-stm32.13.3.rel1.win32_1.0.0.202411081344/tools/bin/../lib/gcc/arm-none-eabi/13.3.1/thumb/v7e-m+fp/hard/crti.o
 .ARM.attributes
                0x00000022       0x34 C:/ST/STM32CubeIDE_1.19.0/STM32CubeIDE/plugins/com.st.stm32cube.ide.mcu.externaltools.gnu-tools-for-stm32.13.3.rel1.win32_1.0.0.202411081344/tools/bin/../lib/gcc/arm-none-eabi/13.3.1/thumb/v7e-m+fp/hard/crtbegin.o
 .ARM.attributes
                0x00000056       0x34 ./Core/Src/EEPROM.c.o
 .ARM.attributes
                0x0000008a       0x34 ./Core/Src/LCD_Fill_shapes.o
 .ARM.attributes
                0x000000be       0x34 ./Core/Src/LCD_Game_Display.o
 .ARM.attributes
                0x000000f2       0x34 ./Core/Src/LCD_Image_Display.o
 .ARM.attributes
                0x00000126       0x34 ./Core/Src/LCD_Pixel_Draw.o
 .ARM.attributes
                0x0000015a       0x34 ./Core/Src/LCD_ST7789_Init.o
 .ARM.attributes
                0x0000018e       0x34 ./Core/Src/LCD_Text_Display.o
 .ARM.attributes
                0x000001c2       0x34 ./Core/Src/LCD_write.o
 .ARM.attributes
                0x000001f6       0x34 ./Core/Src/Onboard_LED_Init.o
 .ARM.attributes
                0x0000022a       0x34 ./Core/Src/SPI_Init.o
 .ARM.attributes
                0x0000025e       0x34 ./Core/Src/button_interrupts.o
 .ARM.attributes
                0x00000292       0x34 ./Core/Src/command.o
 .ARM.attributes
                0x000002c6       0x34 ./Core/Src/game_definitions.o
 .ARM.attributes
                0x000002fa       0x34 ./Core/Src/game_logic.o
 .ARM.attributes
                0x0000032e       0x34 ./Core/Src/i2c.o
 .ARM.attributes
                0x00000362       0x34 ./Core/Src/main.o
 .ARM.attributes
                0x00000396       0x34 ./Core/Src/stm32f4xx_it.o
 .ARM.attributes
                0x000003ca       0x34 ./Core/Src/sys_timer_delay.o
 .ARM.attributes
                0x000003fe       0x34 ./Core/Src/syscalls.o
 .ARM.attributes
                0x00000432       0x34 ./Core/Src/sysmem.o
 .ARM.attributes
                0x00000466       0x34 ./Core/Src/system_stm32f4xx.o
 .ARM.attributes
                0x0000049a       0x34 ./Core/Src/uart.o
 .ARM.attributes
                0x000004ce       0x21 ./Core/Startup/startup_stm32f411vetx.o
 .ARM.attributes
                0x000004ef       0x34 ./Drivers/STM32F4xx_HAL_Driver/Src/stm32f4xx_hal.o
 .ARM.attributes
                0x00000523       0x34 ./Drivers/STM32F4xx_HAL_Driver/Src/stm32f4xx_hal_cortex.o
 .ARM.attributes
                0x00000557       0x34 ./Drivers/STM32F4xx_HAL_Driver/Src/stm32f4xx_hal_rcc.o
 .ARM.attributes
                0x0000058b       0x34 C:/ST/STM32CubeIDE_1.19.0/STM32CubeIDE/plugins/com.st.stm32cube.ide.mcu.externaltools.gnu-tools-for-stm32.13.3.rel1.win32_1.0.0.202411081344/tools/bin/../lib/gcc/arm-none-eabi/13.3.1/../../../../arm-none-eabi/lib/thumb/v7e-m+fp/hard\libc_nano.a(libc_a-atoi.o)
 .ARM.attributes
                0x000005bf       0x34 C:/ST/STM32CubeIDE_1.19.0/STM32CubeIDE/plugins/com.st.stm32cube.ide.mcu.externaltools.gnu-tools-for-stm32.13.3.rel1.win32_1.0.0.202411081344/tools/bin/../lib/gcc/arm-none-eabi/13.3.1/../../../../arm-none-eabi/lib/thumb/v7e-m+fp/hard\libc_nano.a(libc_a-strtol.o)
 .ARM.attributes
                0x000005f3       0x34 C:/ST/STM32CubeIDE_1.19.0/STM32CubeIDE/plugins/com.st.stm32cube.ide.mcu.externaltools.gnu-tools-for-stm32.13.3.rel1.win32_1.0.0.202411081344/tools/bin/../lib/gcc/arm-none-eabi/13.3.1/../../../../arm-none-eabi/lib/thumb/v7e-m+fp/hard\libc_nano.a(libc_a-ctype_.o)
 .ARM.attributes
                0x00000627       0x34 C:/ST/STM32CubeIDE_1.19.0/STM32CubeIDE/plugins/com.st.stm32cube.ide.mcu.externaltools.gnu-tools-for-stm32.13.3.rel1.win32_1.0.0.202411081344/tools/bin/../lib/gcc/arm-none-eabi/13.3.1/../../../../arm-none-eabi/lib/thumb/v7e-m+fp/hard\libc_nano.a(libc_a-findfp.o)
 .ARM.attributes
                0x0000065b       0x34 C:/ST/STM32CubeIDE_1.19.0/STM32CubeIDE/plugins/com.st.stm32cube.ide.mcu.externaltools.gnu-tools-for-stm32.13.3.rel1.win32_1.0.0.202411081344/tools/bin/../lib/gcc/arm-none-eabi/13.3.1/../../../../arm-none-eabi/lib/thumb/v7e-m+fp/hard\libc_nano.a(libc_a-fwalk.o)
 .ARM.attributes
                0x0000068f       0x34 C:/ST/STM32CubeIDE_1.19.0/STM32CubeIDE/plugins/com.st.stm32cube.ide.mcu.externaltools.gnu-tools-for-stm32.13.3.rel1.win32_1.0.0.202411081344/tools/bin/../lib/gcc/arm-none-eabi/13.3.1/../../../../arm-none-eabi/lib/thumb/v7e-m+fp/hard\libc_nano.a(libc_a-getc.o)
 .ARM.attributes
                0x000006c3       0x34 C:/ST/STM32CubeIDE_1.19.0/STM32CubeIDE/plugins/com.st.stm32cube.ide.mcu.externaltools.gnu-tools-for-stm32.13.3.rel1.win32_1.0.0.202411081344/tools/bin/../lib/gcc/arm-none-eabi/13.3.1/../../../../arm-none-eabi/lib/thumb/v7e-m+fp/hard\libc_nano.a(libc_a-printf.o)
 .ARM.attributes
                0x000006f7       0x34 C:/ST/STM32CubeIDE_1.19.0/STM32CubeIDE/plugins/com.st.stm32cube.ide.mcu.externaltools.gnu-tools-for-stm32.13.3.rel1.win32_1.0.0.202411081344/tools/bin/../lib/gcc/arm-none-eabi/13.3.1/../../../../arm-none-eabi/lib/thumb/v7e-m+fp/hard\libc_nano.a(libc_a-putchar.o)
 .ARM.attributes
                0x0000072b       0x34 C:/ST/STM32CubeIDE_1.19.0/STM32CubeIDE/plugins/com.st.stm32cube.ide.mcu.externaltools.gnu-tools-for-stm32.13.3.rel1.win32_1.0.0.202411081344/tools/bin/../lib/gcc/arm-none-eabi/13.3.1/../../../../arm-none-eabi/lib/thumb/v7e-m+fp/hard\libc_nano.a(libc_a-puts.o)
 .ARM.attributes
                0x0000075f       0x34 C:/ST/STM32CubeIDE_1.19.0/STM32CubeIDE/plugins/com.st.stm32cube.ide.mcu.externaltools.gnu-tools-for-stm32.13.3.rel1.win32_1.0.0.202411081344/tools/bin/../lib/gcc/arm-none-eabi/13.3.1/../../../../arm-none-eabi/lib/thumb/v7e-m+fp/hard\libc_nano.a(libc_a-rget.o)
 .ARM.attributes
                0x00000793       0x34 C:/ST/STM32CubeIDE_1.19.0/STM32CubeIDE/plugins/com.st.stm32cube.ide.mcu.externaltools.gnu-tools-for-stm32.13.3.rel1.win32_1.0.0.202411081344/tools/bin/../lib/gcc/arm-none-eabi/13.3.1/../../../../arm-none-eabi/lib/thumb/v7e-m+fp/hard\libc_nano.a(libc_a-sprintf.o)
 .ARM.attributes
                0x000007c7       0x34 C:/ST/STM32CubeIDE_1.19.0/STM32CubeIDE/plugins/com.st.stm32cube.ide.mcu.externaltools.gnu-tools-for-stm32.13.3.rel1.win32_1.0.0.202411081344/tools/bin/../lib/gcc/arm-none-eabi/13.3.1/../../../../arm-none-eabi/lib/thumb/v7e-m+fp/hard\libc_nano.a(libc_a-stdio.o)
 .ARM.attributes
                0x000007fb       0x34 C:/ST/STM32CubeIDE_1.19.0/STM32CubeIDE/plugins/com.st.stm32cube.ide.mcu.externaltools.gnu-tools-for-stm32.13.3.rel1.win32_1.0.0.202411081344/tools/bin/../lib/gcc/arm-none-eabi/13.3.1/../../../../arm-none-eabi/lib/thumb/v7e-m+fp/hard\libc_nano.a(libc_a-wbuf.o)
 .ARM.attributes
                0x0000082f       0x34 C:/ST/STM32CubeIDE_1.19.0/STM32CubeIDE/plugins/com.st.stm32cube.ide.mcu.externaltools.gnu-tools-for-stm32.13.3.rel1.win32_1.0.0.202411081344/tools/bin/../lib/gcc/arm-none-eabi/13.3.1/../../../../arm-none-eabi/lib/thumb/v7e-m+fp/hard\libc_nano.a(libc_a-wsetup.o)
 .ARM.attributes
                0x00000863       0x34 C:/ST/STM32CubeIDE_1.19.0/STM32CubeIDE/plugins/com.st.stm32cube.ide.mcu.externaltools.gnu-tools-for-stm32.13.3.rel1.win32_1.0.0.202411081344/tools/bin/../lib/gcc/arm-none-eabi/13.3.1/../../../../arm-none-eabi/lib/thumb/v7e-m+fp/hard\libc_nano.a(libc_a-memset.o)
 .ARM.attributes
                0x00000897       0x34 C:/ST/STM32CubeIDE_1.19.0/STM32CubeIDE/plugins/com.st.stm32cube.ide.mcu.externaltools.gnu-tools-for-stm32.13.3.rel1.win32_1.0.0.202411081344/tools/bin/../lib/gcc/arm-none-eabi/13.3.1/../../../../arm-none-eabi/lib/thumb/v7e-m+fp/hard\libc_nano.a(libc_a-strcasecmp.o)
 .ARM.attributes
                0x000008cb       0x34 C:/ST/STM32CubeIDE_1.19.0/STM32CubeIDE/plugins/com.st.stm32cube.ide.mcu.externaltools.gnu-tools-for-stm32.13.3.rel1.win32_1.0.0.202411081344/tools/bin/../lib/gcc/arm-none-eabi/13.3.1/../../../../arm-none-eabi/lib/thumb/v7e-m+fp/hard\libc_nano.a(libc_a-closer.o)
 .ARM.attributes
                0x000008ff       0x34 C:/ST/STM32CubeIDE_1.19.0/STM32CubeIDE/plugins/com.st.stm32cube.ide.mcu.externaltools.gnu-tools-for-stm32.13.3.rel1.win32_1.0.0.202411081344/tools/bin/../lib/gcc/arm-none-eabi/13.3.1/../../../../arm-none-eabi/lib/thumb/v7e-m+fp/hard\libc_nano.a(libc_a-reent.o)
 .ARM.attributes
                0x00000933       0x34 C:/ST/STM32CubeIDE_1.19.0/STM32CubeIDE/plugins/com.st.stm32cube.ide.mcu.externaltools.gnu-tools-for-stm32.13.3.rel1.win32_1.0.0.202411081344/tools/bin/../lib/gcc/arm-none-eabi/13.3.1/../../../../arm-none-eabi/lib/thumb/v7e-m+fp/hard\libc_nano.a(libc_a-impure.o)
 .ARM.attributes
                0x00000967       0x34 C:/ST/STM32CubeIDE_1.19.0/STM32CubeIDE/plugins/com.st.stm32cube.ide.mcu.externaltools.gnu-tools-for-stm32.13.3.rel1.win32_1.0.0.202411081344/tools/bin/../lib/gcc/arm-none-eabi/13.3.1/../../../../arm-none-eabi/lib/thumb/v7e-m+fp/hard\libc_nano.a(libc_a-lseekr.o)
 .ARM.attributes
                0x0000099b       0x34 C:/ST/STM32CubeIDE_1.19.0/STM32CubeIDE/plugins/com.st.stm32cube.ide.mcu.externaltools.gnu-tools-for-stm32.13.3.rel1.win32_1.0.0.202411081344/tools/bin/../lib/gcc/arm-none-eabi/13.3.1/../../../../arm-none-eabi/lib/thumb/v7e-m+fp/hard\libc_nano.a(libc_a-readr.o)
 .ARM.attributes
                0x000009cf       0x34 C:/ST/STM32CubeIDE_1.19.0/STM32CubeIDE/plugins/com.st.stm32cube.ide.mcu.externaltools.gnu-tools-for-stm32.13.3.rel1.win32_1.0.0.202411081344/tools/bin/../lib/gcc/arm-none-eabi/13.3.1/../../../../arm-none-eabi/lib/thumb/v7e-m+fp/hard\libc_nano.a(libc_a-writer.o)
 .ARM.attributes
                0x00000a03       0x34 C:/ST/STM32CubeIDE_1.19.0/STM32CubeIDE/plugins/com.st.stm32cube.ide.mcu.externaltools.gnu-tools-for-stm32.13.3.rel1.win32_1.0.0.202411081344/tools/bin/../lib/gcc/arm-none-eabi/13.3.1/../../../../arm-none-eabi/lib/thumb/v7e-m+fp/hard\libc_nano.a(libc_a-errno.o)
 .ARM.attributes
                0x00000a37       0x34 C:/ST/STM32CubeIDE_1.19.0/STM32CubeIDE/plugins/com.st.stm32cube.ide.mcu.externaltools.gnu-tools-for-stm32.13.3.rel1.win32_1.0.0.202411081344/tools/bin/../lib/gcc/arm-none-eabi/13.3.1/../../../../arm-none-eabi/lib/thumb/v7e-m+fp/hard\libc_nano.a(libc_a-init.o)
 .ARM.attributes
                0x00000a6b       0x34 C:/ST/STM32CubeIDE_1.19.0/STM32CubeIDE/plugins/com.st.stm32cube.ide.mcu.externaltools.gnu-tools-for-stm32.13.3.rel1.win32_1.0.0.202411081344/tools/bin/../lib/gcc/arm-none-eabi/13.3.1/../../../../arm-none-eabi/lib/thumb/v7e-m+fp/hard\libc_nano.a(libc_a-lock.o)
 .ARM.attributes
                0x00000a9f       0x34 C:/ST/STM32CubeIDE_1.19.0/STM32CubeIDE/plugins/com.st.stm32cube.ide.mcu.externaltools.gnu-tools-for-stm32.13.3.rel1.win32_1.0.0.202411081344/tools/bin/../lib/gcc/arm-none-eabi/13.3.1/../../../../arm-none-eabi/lib/thumb/v7e-m+fp/hard\libc_nano.a(libc_a-memcpy-stub.o)
 .ARM.attributes
                0x00000ad3       0x17 C:/ST/STM32CubeIDE_1.19.0/STM32CubeIDE/plugins/com.st.stm32cube.ide.mcu.externaltools.gnu-tools-for-stm32.13.3.rel1.win32_1.0.0.202411081344/tools/bin/../lib/gcc/arm-none-eabi/13.3.1/../../../../arm-none-eabi/lib/thumb/v7e-m+fp/hard\libc_nano.a(libc_a-strlen.o)
 .ARM.attributes
                0x00000aea       0x34 C:/ST/STM32CubeIDE_1.19.0/STM32CubeIDE/plugins/com.st.stm32cube.ide.mcu.externaltools.gnu-tools-for-stm32.13.3.rel1.win32_1.0.0.202411081344/tools/bin/../lib/gcc/arm-none-eabi/13.3.1/../../../../arm-none-eabi/lib/thumb/v7e-m+fp/hard\libc_nano.a(libc_a-freer.o)
 .ARM.attributes
                0x00000b1e       0x34 C:/ST/STM32CubeIDE_1.19.0/STM32CubeIDE/plugins/com.st.stm32cube.ide.mcu.externaltools.gnu-tools-for-stm32.13.3.rel1.win32_1.0.0.202411081344/tools/bin/../lib/gcc/arm-none-eabi/13.3.1/../../../../arm-none-eabi/lib/thumb/v7e-m+fp/hard\libc_nano.a(libc_a-mallocr.o)
 .ARM.attributes
                0x00000b52       0x34 C:/ST/STM32CubeIDE_1.19.0/STM32CubeIDE/plugins/com.st.stm32cube.ide.mcu.externaltools.gnu-tools-for-stm32.13.3.rel1.win32_1.0.0.202411081344/tools/bin/../lib/gcc/arm-none-eabi/13.3.1/../../../../arm-none-eabi/lib/thumb/v7e-m+fp/hard\libc_nano.a(libc_a-mlock.o)
 .ARM.attributes
                0x00000b86       0x34 C:/ST/STM32CubeIDE_1.19.0/STM32CubeIDE/plugins/com.st.stm32cube.ide.mcu.externaltools.gnu-tools-for-stm32.13.3.rel1.win32_1.0.0.202411081344/tools/bin/../lib/gcc/arm-none-eabi/13.3.1/../../../../arm-none-eabi/lib/thumb/v7e-m+fp/hard\libc_nano.a(libc_a-nano-svfprintf.o)
 .ARM.attributes
                0x00000bba       0x34 C:/ST/STM32CubeIDE_1.19.0/STM32CubeIDE/plugins/com.st.stm32cube.ide.mcu.externaltools.gnu-tools-for-stm32.13.3.rel1.win32_1.0.0.202411081344/tools/bin/../lib/gcc/arm-none-eabi/13.3.1/../../../../arm-none-eabi/lib/thumb/v7e-m+fp/hard\libc_nano.a(libc_a-nano-vfprintf.o)
 .ARM.attributes
                0x00000bee       0x34 C:/ST/STM32CubeIDE_1.19.0/STM32CubeIDE/plugins/com.st.stm32cube.ide.mcu.externaltools.gnu-tools-for-stm32.13.3.rel1.win32_1.0.0.202411081344/tools/bin/../lib/gcc/arm-none-eabi/13.3.1/../../../../arm-none-eabi/lib/thumb/v7e-m+fp/hard\libc_nano.a(libc_a-nano-vfprintf_i.o)
 .ARM.attributes
                0x00000c22       0x34 C:/ST/STM32CubeIDE_1.19.0/STM32CubeIDE/plugins/com.st.stm32cube.ide.mcu.externaltools.gnu-tools-for-stm32.13.3.rel1.win32_1.0.0.202411081344/tools/bin/../lib/gcc/arm-none-eabi/13.3.1/../../../../arm-none-eabi/lib/thumb/v7e-m+fp/hard\libc_nano.a(libc_a-fflush.o)
 .ARM.attributes
                0x00000c56       0x34 C:/ST/STM32CubeIDE_1.19.0/STM32CubeIDE/plugins/com.st.stm32cube.ide.mcu.externaltools.gnu-tools-for-stm32.13.3.rel1.win32_1.0.0.202411081344/tools/bin/../lib/gcc/arm-none-eabi/13.3.1/../../../../arm-none-eabi/lib/thumb/v7e-m+fp/hard\libc_nano.a(libc_a-makebuf.o)
 .ARM.attributes
                0x00000c8a       0x34 C:/ST/STM32CubeIDE_1.19.0/STM32CubeIDE/plugins/com.st.stm32cube.ide.mcu.externaltools.gnu-tools-for-stm32.13.3.rel1.win32_1.0.0.202411081344/tools/bin/../lib/gcc/arm-none-eabi/13.3.1/../../../../arm-none-eabi/lib/thumb/v7e-m+fp/hard\libc_nano.a(libc_a-putc.o)
 .ARM.attributes
                0x00000cbe       0x34 C:/ST/STM32CubeIDE_1.19.0/STM32CubeIDE/plugins/com.st.stm32cube.ide.mcu.externaltools.gnu-tools-for-stm32.13.3.rel1.win32_1.0.0.202411081344/tools/bin/../lib/gcc/arm-none-eabi/13.3.1/../../../../arm-none-eabi/lib/thumb/v7e-m+fp/hard\libc_nano.a(libc_a-refill.o)
 .ARM.attributes
                0x00000cf2       0x34 C:/ST/STM32CubeIDE_1.19.0/STM32CubeIDE/plugins/com.st.stm32cube.ide.mcu.externaltools.gnu-tools-for-stm32.13.3.rel1.win32_1.0.0.202411081344/tools/bin/../lib/gcc/arm-none-eabi/13.3.1/../../../../arm-none-eabi/lib/thumb/v7e-m+fp/hard\libc_nano.a(libc_a-memmove.o)
 .ARM.attributes
                0x00000d26       0x34 C:/ST/STM32CubeIDE_1.19.0/STM32CubeIDE/plugins/com.st.stm32cube.ide.mcu.externaltools.gnu-tools-for-stm32.13.3.rel1.win32_1.0.0.202411081344/tools/bin/../lib/gcc/arm-none-eabi/13.3.1/../../../../arm-none-eabi/lib/thumb/v7e-m+fp/hard\libc_nano.a(libc_a-fstatr.o)
 .ARM.attributes
                0x00000d5a       0x34 C:/ST/STM32CubeIDE_1.19.0/STM32CubeIDE/plugins/com.st.stm32cube.ide.mcu.externaltools.gnu-tools-for-stm32.13.3.rel1.win32_1.0.0.202411081344/tools/bin/../lib/gcc/arm-none-eabi/13.3.1/../../../../arm-none-eabi/lib/thumb/v7e-m+fp/hard\libc_nano.a(libc_a-isattyr.o)
 .ARM.attributes
                0x00000d8e       0x34 C:/ST/STM32CubeIDE_1.19.0/STM32CubeIDE/plugins/com.st.stm32cube.ide.mcu.externaltools.gnu-tools-for-stm32.13.3.rel1.win32_1.0.0.202411081344/tools/bin/../lib/gcc/arm-none-eabi/13.3.1/../../../../arm-none-eabi/lib/thumb/v7e-m+fp/hard\libc_nano.a(libc_a-sbrkr.o)
 .ARM.attributes
                0x00000dc2       0x1c C:/ST/STM32CubeIDE_1.19.0/STM32CubeIDE/plugins/com.st.stm32cube.ide.mcu.externaltools.gnu-tools-for-stm32.13.3.rel1.win32_1.0.0.202411081344/tools/bin/../lib/gcc/arm-none-eabi/13.3.1/../../../../arm-none-eabi/lib/thumb/v7e-m+fp/hard\libc_nano.a(libc_a-memchr.o)
 .ARM.attributes
                0x00000dde       0x34 C:/ST/STM32CubeIDE_1.19.0/STM32CubeIDE/plugins/com.st.stm32cube.ide.mcu.externaltools.gnu-tools-for-stm32.13.3.rel1.win32_1.0.0.202411081344/tools/bin/../lib/gcc/arm-none-eabi/13.3.1/../../../../arm-none-eabi/lib/thumb/v7e-m+fp/hard\libc_nano.a(libc_a-reallocr.o)
 .ARM.attributes
                0x00000e12       0x34 C:/ST/STM32CubeIDE_1.19.0/STM32CubeIDE/plugins/com.st.stm32cube.ide.mcu.externaltools.gnu-tools-for-stm32.13.3.rel1.win32_1.0.0.202411081344/tools/bin/../lib/gcc/arm-none-eabi/13.3.1/../../../../arm-none-eabi/lib/thumb/v7e-m+fp/hard\libc_nano.a(libc_a-msizer.o)
 .ARM.attributes
                0x00000e46       0x22 C:/ST/STM32CubeIDE_1.19.0/STM32CubeIDE/plugins/com.st.stm32cube.ide.mcu.externaltools.gnu-tools-for-stm32.13.3.rel1.win32_1.0.0.202411081344/tools/bin/../lib/gcc/arm-none-eabi/13.3.1/thumb/v7e-m+fp/hard\libgcc.a(_aeabi_uldivmod.o)
 .ARM.attributes
                0x00000e68       0x34 C:/ST/STM32CubeIDE_1.19.0/STM32CubeIDE/plugins/com.st.stm32cube.ide.mcu.externaltools.gnu-tools-for-stm32.13.3.rel1.win32_1.0.0.202411081344/tools/bin/../lib/gcc/arm-none-eabi/13.3.1/thumb/v7e-m+fp/hard\libgcc.a(_udivmoddi4.o)
 .ARM.attributes
                0x00000e9c       0x22 C:/ST/STM32CubeIDE_1.19.0/STM32CubeIDE/plugins/com.st.stm32cube.ide.mcu.externaltools.gnu-tools-for-stm32.13.3.rel1.win32_1.0.0.202411081344/tools/bin/../lib/gcc/arm-none-eabi/13.3.1/thumb/v7e-m+fp/hard\libgcc.a(_dvmd_tls.o)
 .ARM.attributes
                0x00000ebe       0x22 C:/ST/STM32CubeIDE_1.19.0/STM32CubeIDE/plugins/com.st.stm32cube.ide.mcu.externaltools.gnu-tools-for-stm32.13.3.rel1.win32_1.0.0.202411081344/tools/bin/../lib/gcc/arm-none-eabi/13.3.1/thumb/v7e-m+fp/hard/crtn.o
OUTPUT(FinalProjectF2025.elf elf32-littlearm)
LOAD linker stubs
LOAD C:/ST/STM32CubeIDE_1.19.0/STM32CubeIDE/plugins/com.st.stm32cube.ide.mcu.externaltools.gnu-tools-for-stm32.13.3.rel1.win32_1.0.0.202411081344/tools/bin/../lib/gcc/arm-none-eabi/13.3.1/../../../../arm-none-eabi/lib/thumb/v7e-m+fp/hard\libc.a
LOAD C:/ST/STM32CubeIDE_1.19.0/STM32CubeIDE/plugins/com.st.stm32cube.ide.mcu.externaltools.gnu-tools-for-stm32.13.3.rel1.win32_1.0.0.202411081344/tools/bin/../lib/gcc/arm-none-eabi/13.3.1/../../../../arm-none-eabi/lib/thumb/v7e-m+fp/hard\libm.a
LOAD C:/ST/STM32CubeIDE_1.19.0/STM32CubeIDE/plugins/com.st.stm32cube.ide.mcu.externaltools.gnu-tools-for-stm32.13.3.rel1.win32_1.0.0.202411081344/tools/bin/../lib/gcc/arm-none-eabi/13.3.1/thumb/v7e-m+fp/hard\libgcc.a

.debug_info     0x00000000     0x9c3b
 .debug_info    0x00000000      0x21e ./Core/Src/EEPROM.c.o
 .debug_info    0x0000021e      0x339 ./Core/Src/LCD_Fill_shapes.o
 .debug_info    0x00000557     0x11af ./Core/Src/LCD_Game_Display.o
 .debug_info    0x00001706      0x19c ./Core/Src/LCD_Image_Display.o
 .debug_info    0x000018a2      0x11b ./Core/Src/LCD_Pixel_Draw.o
 .debug_info    0x000019bd      0x353 ./Core/Src/LCD_ST7789_Init.o
 .debug_info    0x00001d10      0x235 ./Core/Src/LCD_Text_Display.o
 .debug_info    0x00001f45      0x277 ./Core/Src/LCD_write.o
 .debug_info    0x000021bc      0x2e8 ./Core/Src/Onboard_LED_Init.o
 .debug_info    0x000024a4      0x374 ./Core/Src/SPI_Init.o
 .debug_info    0x00002818      0x754 ./Core/Src/button_interrupts.o
 .debug_info    0x00002f6c     0x1454 ./Core/Src/command.o
 .debug_info    0x000043c0      0x5cf ./Core/Src/game_definitions.o
 .debug_info    0x0000498f      0xa2d ./Core/Src/game_logic.o
 .debug_info    0x000053bc      0x381 ./Core/Src/i2c.o
 .debug_info    0x0000573d      0xe44 ./Core/Src/main.o
 .debug_info    0x00006581      0x112 ./Core/Src/stm32f4xx_it.o
 .debug_info    0x00006693      0x14b ./Core/Src/sys_timer_delay.o
 .debug_info    0x000067de      0x6a3 ./Core/Src/syscalls.o
 .debug_info    0x00006e81      0x168 ./Core/Src/sysmem.o
 .debug_info    0x00006fe9      0x53e ./Core/Src/system_stm32f4xx.o
 .debug_info    0x00007527      0x820 ./Core/Src/uart.o
 .debug_info    0x00007d47       0x30 ./Core/Startup/startup_stm32f411vetx.o
 .debug_info    0x00007d77      0x8c4 ./Drivers/STM32F4xx_HAL_Driver/Src/stm32f4xx_hal.o
 .debug_info    0x0000863b      0xcfc ./Drivers/STM32F4xx_HAL_Driver/Src/stm32f4xx_hal_cortex.o
 .debug_info    0x00009337      0x904 ./Drivers/STM32F4xx_HAL_Driver/Src/stm32f4xx_hal_rcc.o

.debug_abbrev   0x00000000     0x254f
 .debug_abbrev  0x00000000       0xd1 ./Core/Src/EEPROM.c.o
 .debug_abbrev  0x000000d1      0x149 ./Core/Src/LCD_Fill_shapes.o
 .debug_abbrev  0x0000021a      0x256 ./Core/Src/LCD_Game_Display.o
 .debug_abbrev  0x00000470      0x112 ./Core/Src/LCD_Image_Display.o
 .debug_abbrev  0x00000582       0xab ./Core/Src/LCD_Pixel_Draw.o
 .debug_abbrev  0x0000062d       0xed ./Core/Src/LCD_ST7789_Init.o
 .debug_abbrev  0x0000071a       0xe7 ./Core/Src/LCD_Text_Display.o
 .debug_abbrev  0x00000801      0x123 ./Core/Src/LCD_write.o
 .debug_abbrev  0x00000924       0xb5 ./Core/Src/Onboard_LED_Init.o
 .debug_abbrev  0x000009d9       0xb7 ./Core/Src/SPI_Init.o
 .debug_abbrev  0x00000a90      0x18a ./Core/Src/button_interrupts.o
 .debug_abbrev  0x00000c1a      0x2c5 ./Core/Src/command.o
 .debug_abbrev  0x00000edf      0x133 ./Core/Src/game_definitions.o
 .debug_abbrev  0x00001012      0x21e ./Core/Src/game_logic.o
 .debug_abbrev  0x00001230       0xb5 ./Core/Src/i2c.o
 .debug_abbrev  0x000012e5      0x371 ./Core/Src/main.o
 .debug_abbrev  0x00001656       0x73 ./Core/Src/stm32f4xx_it.o
 .debug_abbrev  0x000016c9       0xed ./Core/Src/sys_timer_delay.o
 .debug_abbrev  0x000017b6      0x1b6 ./Core/Src/syscalls.o
 .debug_abbrev  0x0000196c       0xbc ./Core/Src/sysmem.o
 .debug_abbrev  0x00001a28      0x11a ./Core/Src/system_stm32f4xx.o
 .debug_abbrev  0x00001b42      0x1cb ./Core/Src/uart.o
 .debug_abbrev  0x00001d0d       0x24 ./Core/Startup/startup_stm32f411vetx.o
 .debug_abbrev  0x00001d31      0x24b ./Drivers/STM32F4xx_HAL_Driver/Src/stm32f4xx_hal.o
 .debug_abbrev  0x00001f7c      0x31d ./Drivers/STM32F4xx_HAL_Driver/Src/stm32f4xx_hal_cortex.o
 .debug_abbrev  0x00002299      0x2b6 ./Drivers/STM32F4xx_HAL_Driver/Src/stm32f4xx_hal_rcc.o

.debug_aranges  0x00000000      0x908
 .debug_aranges
                0x00000000       0x28 ./Core/Src/EEPROM.c.o
 .debug_aranges
                0x00000028       0x38 ./Core/Src/LCD_Fill_shapes.o
 .debug_aranges
                0x00000060      0x140 ./Core/Src/LCD_Game_Display.o
 .debug_aranges
                0x000001a0       0x28 ./Core/Src/LCD_Image_Display.o
 .debug_aranges
                0x000001c8       0x20 ./Core/Src/LCD_Pixel_Draw.o
 .debug_aranges
                0x000001e8       0x30 ./Core/Src/LCD_ST7789_Init.o
 .debug_aranges