../Drivers/CMSIS/Include/core_cm4.h:1684:22:__NVIC_EnableIRQ	16	static,ignoring_inline_asm
../Core/Src/main.c:98:6:EXTI0_IRQHandler	16	static
../Core/Src/main.c:127:6:EXTI0_Init	8	static
../Core/Src/main.c:142:6:EXTI1_IRQHandler	16	static
../Core/Src/main.c:170:6:EXTI2_IRQHandler	16	static
../Core/Src/main.c:195:6:BUTTON_Init	4	static
../Core/Src/main.c:202:6:led_state	16	static
../Core/Src/main.c:241:5:main	272	static
../Core/Src/main.c:352:6:SystemClock_Config	88	static
../Core/Src/main.c:398:6:Error_Handler	4	static,ignoring_inline_asm
